Archive member included to satisfy reference by file (symbol)

../../DaisyExamples/libDaisy/build/libdaisy.a(daisy_patch_sm.o)
                              build/learn.o (daisy::patch_sm::DaisyPatchSM::Init())
../../DaisyExamples/libDaisy/build/libdaisy.a(codec_pcm3060.o)
                              ../../DaisyExamples/libDaisy/build/libdaisy.a(daisy_patch_sm.o) (daisy::Pcm3060::Init(daisy::I2CHandle))
../../DaisyExamples/libDaisy/build/libdaisy.a(sdram.o)
                              ../../DaisyExamples/libDaisy/build/libdaisy.a(daisy_patch_sm.o) (SdramHandle::Init())
../../DaisyExamples/libDaisy/build/libdaisy.a(audio.o)
                              ../../DaisyExamples/libDaisy/build/libdaisy.a(daisy_patch_sm.o) (daisy::AudioHandle::Init(daisy::AudioHandle::Config const&, daisy::SaiHandle))
../../DaisyExamples/libDaisy/build/libdaisy.a(ctrl.o)
                              ../../DaisyExamples/libDaisy/build/libdaisy.a(daisy_patch_sm.o) (daisy::AnalogControl::Init(unsigned short*, float, bool, bool, float))
../../DaisyExamples/libDaisy/build/libdaisy.a(gatein.o)
                              ../../DaisyExamples/libDaisy/build/libdaisy.a(daisy_patch_sm.o) (daisy::GateIn::Init(dsy_gpio_pin*, bool))
../../DaisyExamples/libDaisy/build/libdaisy.a(logger.o)
                              build/learn.o (daisy::Logger<(daisy::LoggerDestination)1>::PrintLine(char const*, ...))
../../DaisyExamples/libDaisy/build/libdaisy.a(usb.o)
                              ../../DaisyExamples/libDaisy/build/libdaisy.a(logger.o) (daisy::UsbHandle::Init(daisy::UsbHandle::UsbPeriph))
../../DaisyExamples/libDaisy/build/libdaisy.a(adc.o)
                              ../../DaisyExamples/libDaisy/build/libdaisy.a(daisy_patch_sm.o) (daisy::AdcChannelConfig::InitSingle(dsy_gpio_pin))
../../DaisyExamples/libDaisy/build/libdaisy.a(dac.o)
                              ../../DaisyExamples/libDaisy/build/libdaisy.a(daisy_patch_sm.o) (daisy::DacHandle::Init(daisy::DacHandle::Config const&))
../../DaisyExamples/libDaisy/build/libdaisy.a(gpio.o)
                              ../../DaisyExamples/libDaisy/build/libdaisy.a(daisy_patch_sm.o) (dsy_gpio_init)
../../DaisyExamples/libDaisy/build/libdaisy.a(i2c.o)
                              ../../DaisyExamples/libDaisy/build/libdaisy.a(daisy_patch_sm.o) (daisy::I2CHandle::Init(daisy::I2CHandle::Config const&))
../../DaisyExamples/libDaisy/build/libdaisy.a(qspi.o)
                              ../../DaisyExamples/libDaisy/build/libdaisy.a(daisy_patch_sm.o) (daisy::QSPIHandle::Init(daisy::QSPIHandle::Config const&))
../../DaisyExamples/libDaisy/build/libdaisy.a(sai.o)
                              ../../DaisyExamples/libDaisy/build/libdaisy.a(daisy_patch_sm.o) (daisy::SaiHandle::Init(daisy::SaiHandle::Config const&))
../../DaisyExamples/libDaisy/build/libdaisy.a(system.o)
                              build/learn.o (daisy::System::Delay(unsigned long))
../../DaisyExamples/libDaisy/build/libdaisy.a(system_stm32h7xx.o)
                              build/startup_stm32h750xx.o (SystemInit)
../../DaisyExamples/libDaisy/build/libdaisy.a(usbd_cdc_if.o)
                              ../../DaisyExamples/libDaisy/build/libdaisy.a(usb.o) (CDC_Transmit_FS)
../../DaisyExamples/libDaisy/build/libdaisy.a(usbd_conf.o)
                              ../../DaisyExamples/libDaisy/build/libdaisy.a(system.o) (hpcd_USB_OTG_HS)
../../DaisyExamples/libDaisy/build/libdaisy.a(usbd_desc.o)
                              ../../DaisyExamples/libDaisy/build/libdaisy.a(usb.o) (HS_Desc)
../../DaisyExamples/libDaisy/build/libdaisy.a(usbh_conf.o)
                              ../../DaisyExamples/libDaisy/build/libdaisy.a(system.o) (hhcd_USB_OTG_HS)
../../DaisyExamples/libDaisy/build/libdaisy.a(hal_map.o)
                              ../../DaisyExamples/libDaisy/build/libdaisy.a(gpio.o) (dsy_hal_map_get_port)
../../DaisyExamples/libDaisy/build/libdaisy.a(stm32h7xx_hal.o)
                              ../../DaisyExamples/libDaisy/build/libdaisy.a(system.o) (HAL_Init)
../../DaisyExamples/libDaisy/build/libdaisy.a(stm32h7xx_hal_adc.o)
                              ../../DaisyExamples/libDaisy/build/libdaisy.a(adc.o) (HAL_ADC_ConfigChannel)
../../DaisyExamples/libDaisy/build/libdaisy.a(stm32h7xx_hal_adc_ex.o)
                              ../../DaisyExamples/libDaisy/build/libdaisy.a(adc.o) (HAL_ADCEx_Calibration_Start)
../../DaisyExamples/libDaisy/build/libdaisy.a(stm32h7xx_hal_cortex.o)
                              ../../DaisyExamples/libDaisy/build/libdaisy.a(stm32h7xx_hal.o) (HAL_NVIC_SetPriorityGrouping)
../../DaisyExamples/libDaisy/build/libdaisy.a(stm32h7xx_hal_dac.o)
                              ../../DaisyExamples/libDaisy/build/libdaisy.a(dac.o) (HAL_DAC_Init)
../../DaisyExamples/libDaisy/build/libdaisy.a(stm32h7xx_hal_dac_ex.o)
                              ../../DaisyExamples/libDaisy/build/libdaisy.a(stm32h7xx_hal_dac.o) (HAL_DACEx_DMAUnderrunCallbackCh2)
../../DaisyExamples/libDaisy/build/libdaisy.a(stm32h7xx_hal_dma.o)
[...]
Memory Configuration

Name             Origin             Length             Attributes
FLASH            0x0000000008000000 0x0000000000020000 xr
DTCMRAM          0x0000000020000000 0x0000000000020000 xrw
SRAM             0x0000000024000000 0x0000000000080000 xrw
RAM_D2           0x0000000030000000 0x0000000000048000 xrw
RAM_D3           0x0000000038000000 0x0000000000010000 xrw
ITCMRAM          0x0000000000000000 0x0000000000010000 xrw
SDRAM            0x00000000c0000000 0x0000000004000000 xrw
QSPIFLASH        0x0000000090000000 0x0000000000800000 xr
*default*        0x0000000000000000 0xffffffffffffffff

Linker script and memory map

LOAD /Library/DaisyToolchain/0.1.3-ARM/arm/bin/../lib/gcc/arm-none-eabi/10.3.1/thumb/v7e-m+dp/hard/crti.o
LOAD /Library/DaisyToolchain/0.1.3-ARM/arm/bin/../lib/gcc/arm-none-eabi/10.3.1/thumb/v7e-m+dp/hard/crtbegin.o
LOAD /Library/DaisyToolchain/0.1.3-ARM/arm/bin/../lib/gcc/arm-none-eabi/10.3.1/../../../../arm-none-eabi/lib/thumb/v7e-m+dp/hard/crt0.o
LOAD build/startup_stm32h750xx.o
LOAD build/learn.o
LOAD ../../DaisyExamples/libDaisy/build/libdaisy.a
LOAD /Library/DaisyToolchain/0.1.3-ARM/arm/bin/../lib/gcc/arm-none-eabi/10.3.1/../../../../arm-none-eabi/lib/thumb/v7e-m+dp/hard/libnosys.a
LOAD ../../DaisyExamples/DaisySP/build/libdaisysp.a
LOAD /Library/DaisyToolchain/0.1.3-ARM/arm/bin/../lib/gcc/arm-none-eabi/10.3.1/../../../../arm-none-eabi/lib/thumb/v7e-m+dp/hard/libstdc++_nano.a
LOAD /Library/DaisyToolchain/0.1.3-ARM/arm/bin/../lib/gcc/arm-none-eabi/10.3.1/../../../../arm-none-eabi/lib/thumb/v7e-m+dp/hard/libm.a
LOAD /Library/DaisyToolchain/0.1.3-ARM/arm/bin/../lib/gcc/arm-none-eabi/10.3.1/../../../../arm-none-eabi/lib/thumb/v7e-m+dp/hard/libc_nano.a
START GROUP
LOAD /Library/DaisyToolchain/0.1.3-ARM/arm/bin/../lib/gcc/arm-none-eabi/10.3.1/thumb/v7e-m+dp/hard/libgcc.a
LOAD /Library/DaisyToolchain/0.1.3-ARM/arm/bin/../lib/gcc/arm-none-eabi/10.3.1/../../../../arm-none-eabi/lib/thumb/v7e-m+dp/hard/libc_nano.a
END GROUP
START GROUP
LOAD /Library/DaisyToolchain/0.1.3-ARM/arm/bin/../lib/gcc/arm-none-eabi/10.3.1/thumb/v7e-m+dp/hard/libgcc.a
LOAD /Library/DaisyToolchain/0.1.3-ARM/arm/bin/../lib/gcc/arm-none-eabi/10.3.1/../../../../arm-none-eabi/lib/thumb/v7e-m+dp/hard/libc_nano.a
LOAD /Library/DaisyToolchain/0.1.3-ARM/arm/bin/../lib/gcc/arm-none-eabi/10.3.1/../../../../arm-none-eabi/lib/thumb/v7e-m+dp/hard/libnosys.a
END GROUP
START GROUP
LOAD /Library/DaisyToolchain/0.1.3-ARM/arm/bin/../lib/gcc/arm-none-eabi/10.3.1/thumb/v7e-m+dp/hard/libgcc.a
LOAD /Library/DaisyToolchain/0.1.3-ARM/arm/bin/../lib/gcc/arm-none-eabi/10.3.1/../../../../arm-none-eabi/lib/thumb/v7e-m+dp/hard/libc_nano.a
LOAD /Library/DaisyToolchain/0.1.3-ARM/arm/bin/../lib/gcc/arm-none-eabi/10.3.1/../../../../arm-none-eabi/lib/thumb/v7e-m+dp/hard/libnosys.a
END GROUP
LOAD /Library/DaisyToolchain/0.1.3-ARM/arm/bin/../lib/gcc/arm-none-eabi/10.3.1/thumb/v7e-m+dp/hard/crtend.o
LOAD /Library/DaisyToolchain/0.1.3-ARM/arm/bin/../lib/gcc/arm-none-eabi/10.3.1/thumb/v7e-m+dp/hard/crtn.o
                0x0000000020020000                _estack = 0x20020000

.isr_vector     0x0000000008000000      0x298
                0x0000000008000000                . = ALIGN (0x4)
 *(.isr_vector)
 .isr_vector    0x0000000008000000      0x298 build/startup_stm32h750xx.o
                0x0000000008000000                g_pfnVectors
                0x0000000008000298                . = ALIGN (0x4)

.text           0x00000000080002a0    0x12c10
                0x00000000080002a0                . = ALIGN (0x4)
                0x00000000080002a0                _stext = .
 *(.text)
 .text          0x00000000080002a0       0x40 /Library/DaisyToolchain/0.1.3-ARM/arm/bin/../lib/gcc/arm-none-eabi/10.3.1/thumb/v7e-m+dp/hard/crtbegin.o
 .text          0x00000000080002e0       0xa0 /Library/DaisyToolchain/0.1.3-ARM/arm/bin/../lib/gcc/arm-none-eabi/10.3.1/../../../../arm-none-eabi/lib/thumb/v7e-m+dp/hard/libc_nano.a(lib_a-memchr.o)
                0x00000000080002e0                memchr
 .text          0x0000000008000380       0x30 /Library/DaisyToolchain/0.1.3-ARM/arm/bin/../lib/gcc/arm-none-eabi/10.3.1/thumb/v7e-m+dp/hard/libgcc.a(_aeabi_uldivmod.o)
                0x0000000008000380                __aeabi_uldivmod
 .text          0x00000000080003b0      0x2d0 /Library/DaisyToolchain/0.1.3-ARM/arm/bin/../lib/gcc/arm-none-eabi/10.3.1/thumb/v7e-m+dp/hard/libgcc.a(_udivmoddi4.o)
                0x00000000080003b0                __udivmoddi4
 .text          0x0000000008000680        0x4 /Library/DaisyToolchain/0.1.3-ARM/arm/bin/../lib/gcc/arm-none-eabi/10.3.1/thumb/v7e-m+dp/hard/libgcc.a(_dvmd_tls.o)
                0x0000000008000680                __aeabi_ldiv0
                0x0000000008000680                __aeabi_idiv0
 *(.text*)
 .text.Default_Handler
                0x0000000008000684        0x4 build/startup_stm32h750xx.o
                0x0000000008000684                SAI1_IRQHandler
                0x0000000008000684                HASH_RNG_IRQHandler
                0x0000000008000684                EXTI2_IRQHandler
                0x0000000008000684                TIM8_CC_IRQHandler
                0x0000000008000684                HRTIM1_Master_IRQHandler
                0x0000000008000684                DebugMon_Handler
                0x0000000008000684                TIM1_CC_IRQHandler
                0x0000000008000684                BDMA_Channel6_IRQHandler
                0x0000000008000684                DMA2_Stream5_IRQHandler
                0x0000000008000684                HRTIM1_FLT_IRQHandler
                0x0000000008000684                JPEG_IRQHandler
                0x0000000008000684                BDMA_Channel1_IRQHandler
                0x0000000008000684                HRTIM1_TIMD_IRQHandler
                0x0000000008000684                TAMP_STAMP_IRQHandler
                0x0000000008000684                PendSV_Handler
                0x0000000008000684                NMI_Handler
                0x0000000008000684                EXTI3_IRQHandler
                0x0000000008000684                LPTIM4_IRQHandler
                0x0000000008000684                TIM8_TRG_COM_TIM14_IRQHandler
                0x0000000008000684                LPTIM2_IRQHandler
                0x0000000008000684                DFSDM1_FLT1_IRQHandler
                0x0000000008000684                DMAMUX2_OVR_IRQHandler
                0x0000000008000684                TIM8_UP_TIM13_IRQHandler
                0x0000000008000684                I2C3_ER_IRQHandler
                0x0000000008000684                DFSDM1_FLT2_IRQHandler
                0x0000000008000684                MDMA_IRQHandler
                0x0000000008000684                LPTIM3_IRQHandler
                0x0000000008000684                HSEM1_IRQHandler
                0x0000000008000684                EXTI0_IRQHandler
                0x0000000008000684                FPU_IRQHandler
                0x0000000008000684                OTG_HS_WKUP_IRQHandler
                0x0000000008000684                FDCAN1_IT1_IRQHandler
                0x0000000008000684                UsageFault_Handler
                0x0000000008000684                LTDC_ER_IRQHandler
                0x0000000008000684                HRTIM1_TIME_IRQHandler
                0x0000000008000684                DCMI_IRQHandler
                0x0000000008000684                HRTIM1_TIMC_IRQHandler
                0x0000000008000684                SAI2_IRQHandler
                0x0000000008000684                DFSDM1_FLT3_IRQHandler
                0x0000000008000684                TIM17_IRQHandler
                0x0000000008000684                CRYP_IRQHandler
                0x0000000008000684                BDMA_Channel7_IRQHandler
                0x0000000008000684                LPTIM5_IRQHandler
                0x0000000008000684                ADC3_IRQHandler
                0x0000000008000684                BDMA_Channel2_IRQHandler
                0x0000000008000684                DMAMUX1_OVR_IRQHandler
                0x0000000008000684                TIM16_IRQHandler
                0x0000000008000684                BDMA_Channel5_IRQHandler
                0x0000000008000684                RCC_IRQHandler
                0x0000000008000684                TIM8_BRK_TIM12_IRQHandler
                0x0000000008000684                TIM1_TRG_COM_IRQHandler
                0x0000000008000684                Default_Handler
                0x0000000008000684                ECC_IRQHandler
                0x0000000008000684                CEC_IRQHandler
                0x0000000008000684                EXTI15_10_IRQHandler
                0x0000000008000684                BDMA_Channel0_IRQHandler
                0x0000000008000684                ADC_IRQHandler
                0x0000000008000684                DMA1_Stream7_IRQHandler
                0x0000000008000684                HRTIM1_TIMA_IRQHandler
                0x0000000008000684                TIM7_IRQHandler
                0x0000000008000684                SDMMC1_IRQHandler
                0x0000000008000684                DMA2_Stream7_IRQHandler
                0x0000000008000684                TIM15_IRQHandler
                0x0000000008000684                PVD_AVD_IRQHandler
                0x0000000008000684                EXTI9_5_IRQHandler
                0x0000000008000684                RTC_WKUP_IRQHandler
                0x0000000008000684                LTDC_IRQHandler
                0x0000000008000684                SAI3_IRQHandler
                0x0000000008000684                ETH_WKUP_IRQHandler
                0x0000000008000684                SPDIF_RX_IRQHandler
                0x0000000008000684                MemManage_Handler
                0x0000000008000684                SVC_Handler
                0x0000000008000684                CRS_IRQHandler
                0x0000000008000684                EXTI4_IRQHandler
                0x0000000008000684                HRTIM1_TIMB_IRQHandler
                0x0000000008000684                FDCAN2_IT1_IRQHandler
                0x0000000008000684                ETH_IRQHandler
                0x0000000008000684                TIM1_UP_IRQHandler
                0x0000000008000684                BDMA_Channel4_IRQHandler
                0x0000000008000684                WWDG_IRQHandler
                0x0000000008000684                SPI6_IRQHandler
                0x0000000008000684                I2C4_EV_IRQHandler
                0x0000000008000684                MDIOS_IRQHandler
                0x0000000008000684                FDCAN2_IT0_IRQHandler
                0x0000000008000684                FDCAN1_IT0_IRQHandler
                0x0000000008000684                OTG_FS_WKUP_IRQHandler
                0x0000000008000684                DMA2D_IRQHandler
                0x0000000008000684                TIM1_BRK_IRQHandler
                0x0000000008000684                EXTI1_IRQHandler
                0x0000000008000684                SDMMC2_IRQHandler
                0x0000000008000684                BDMA_Channel3_IRQHandler
                0x0000000008000684                MDIOS_WKUP_IRQHandler
                0x0000000008000684                DFSDM1_FLT0_IRQHandler
                0x0000000008000684                SAI4_IRQHandler
                0x0000000008000684                I2C2_ER_IRQHandler
                0x0000000008000684                FLASH_IRQHandler
                0x0000000008000684                BusFault_Handler
                0x0000000008000684                WAKEUP_PIN_IRQHandler
                0x0000000008000684                I2C1_ER_IRQHandler
                0x0000000008000684                FMC_IRQHandler
                0x0000000008000684                FDCAN_CAL_IRQHandler
                0x0000000008000684                SWPMI1_IRQHandler
                0x0000000008000684                COMP1_IRQHandler
                0x0000000008000684                LPTIM1_IRQHandler
                0x0000000008000684                I2C4_ER_IRQHandler
                0x0000000008000684                DMA2_Stream6_IRQHandler
                0x0000000008000684                RTC_Alarm_IRQHandler
 .text.Reset_Handler
                0x0000000008000688       0x44 build/startup_stm32h750xx.o
                0x0000000008000688                Reset_Handler
 .text._ZN5daisy8patch_sm12DaisyPatchSMD2Ev
                0x00000000080006cc        0x4 build/learn.o
                0x00000000080006cc                daisy::patch_sm::DaisyPatchSM::~DaisyPatchSM()
                0x00000000080006cc                daisy::patch_sm::DaisyPatchSM::~DaisyPatchSM()
 .text.startup.main
                0x00000000080006d0       0x94 build/learn.o
                0x00000000080006d0                main
 .text.startup._GLOBAL__sub_I_dpsm
                0x0000000008000764       0x20 build/learn.o
 .text._ZN5daisy8patch_sm12DaisyPatchSM4Impl19InternalDacCallbackEPPtj
                0x0000000008000784       0xa8 ../../DaisyExamples/libDaisy/build/libdaisy.a(daisy_patch_sm.o)
                0x0000000008000784                daisy::patch_sm::DaisyPatchSM::Impl::InternalDacCallback(unsigned short**, unsigned int)
 .text._ZN5daisy8patch_sm12DaisyPatchSM4InitEv
                0x000000000800082c      0x27c ../../DaisyExamples/libDaisy/build/libdaisy.a(daisy_patch_sm.o)
                0x000000000800082c                daisy::patch_sm::DaisyPatchSM::Init()
 .text._ZN5daisy8patch_sm12DaisyPatchSM21ProcessAnalogControlsEv
                0x0000000008000aa8       0x18 ../../DaisyExamples/libDaisy/build/libdaisy.a(daisy_patch_sm.o)
                0x0000000008000aa8                daisy::patch_sm::DaisyPatchSM::ProcessAnalogControls()
 .text._ZN5daisy8patch_sm12DaisyPatchSM11GetAdcValueEi
                0x0000000008000ac0        0xc ../../DaisyExamples/libDaisy/build/libdaisy.a(daisy_patch_sm.o)
                0x0000000008000ac0                daisy::patch_sm::DaisyPatchSM::GetAdcValue(int)
 .text._ZN5daisy8patch_sm12DaisyPatchSM10WriteCvOutEif
                0x0000000008000acc       0x84 ../../DaisyExamples/libDaisy/build/libdaisy.a(daisy_patch_sm.o)
                0x0000000008000acc                daisy::patch_sm::DaisyPatchSM::WriteCvOut(int, float)
 .text.startup._GLOBAL__sub_I__ZN5daisy8patch_sm12DaisyPatchSM2A1E
                0x0000000008000b50       0x28 ../../DaisyExamples/libDaisy/build/libdaisy.a(daisy_patch_sm.o)
 .text._ZN5daisy7Pcm30604InitENS_9I2CHandleE
                0x0000000008000b78      0x16c ../../DaisyExamples/libDaisy/build/libdaisy.a(codec_pcm3060.o)
                0x0000000008000b78                daisy::Pcm3060::Init(daisy::I2CHandle)
 .text._ZN11SdramHandle10DeviceInitEv
                0x0000000008000ce4       0x98 ../../DaisyExamples/libDaisy/build/libdaisy.a(sdram.o)
                0x0000000008000ce4                SdramHandle::DeviceInit()
 .text._ZN11SdramHandle4InitEv
                0x0000000008000d7c       0x7c ../../DaisyExamples/libDaisy/build/libdaisy.a(sdram.o)
                0x0000000008000d7c                SdramHandle::Init()
 .text.HAL_SDRAM_MspInit
                0x0000000008000df8      0x1a8 ../../DaisyExamples/libDaisy/build/libdaisy.a(sdram.o)
                0x0000000008000df8                HAL_SDRAM_MspInit
 .text._ZN5daisy11AudioHandle4InitERKNS0_6ConfigENS_9SaiHandleE
                0x0000000008000fa0       0x70 ../../DaisyExamples/libDaisy/build/libdaisy.a(audio.o)
                0x0000000008000fa0                daisy::AudioHandle::Init(daisy::AudioHandle::Config const&, daisy::SaiHandle)
 .text._ZNK5daisy11AudioHandle9GetConfigEv
                0x0000000008001010        0x8 ../../DaisyExamples/libDaisy/build/libdaisy.a(audio.o)
                0x0000000008001010                daisy::AudioHandle::GetConfig() const
 .text._ZN5daisy11AudioHandle13GetSampleRateEv
                0x0000000008001018        0x8 ../../DaisyExamples/libDaisy/build/libdaisy.a(audio.o)
                0x0000000008001018                daisy::AudioHandle::GetSampleRate()
 .text.startup._GLOBAL__sub_I__ZN5daisy11AudioHandle4Impl4InitENS0_6ConfigENS_9SaiHandleE
                0x0000000008001020       0x24 ../../DaisyExamples/libDaisy/build/libdaisy.a(audio.o)
 .text._ZN5daisy13AnalogControl4InitEPtfbbf
                0x0000000008001044       0x64 ../../DaisyExamples/libDaisy/build/libdaisy.a(ctrl.o)
                0x0000000008001044                daisy::AnalogControl::Init(unsigned short*, float, bool, bool, float)
 .text._ZN5daisy13AnalogControl13InitBipolarCvEPtf
                0x00000000080010a8       0x6c ../../DaisyExamples/libDaisy/build/libdaisy.a(ctrl.o)
                0x00000000080010a8                daisy::AnalogControl::InitBipolarCv(unsigned short*, float)
 .text._ZN5daisy13AnalogControl7ProcessEv
                0x0000000008001114       0x48 ../../DaisyExamples/libDaisy/build/libdaisy.a(ctrl.o)
                0x0000000008001114                daisy::AnalogControl::Process()
 .text._ZN5daisy6GateIn4InitEP12dsy_gpio_pinb
                0x000000000800115c       0x14 ../../DaisyExamples/libDaisy/build/libdaisy.a(gatein.o)
                0x000000000800115c                daisy::GateIn::Init(dsy_gpio_pin*, bool)
 .text._ZN5daisy9UsbHandleD2Ev
                0x0000000008001170        0x4 ../../DaisyExamples/libDaisy/build/libdaisy.a(logger.o)
                0x0000000008001170                daisy::UsbHandle::~UsbHandle()
                0x0000000008001170                daisy::UsbHandle::~UsbHandle()
 .text._ZN5daisy6LoggerILNS_17LoggerDestinationE1EE11TransmitBufEv
                0x0000000008001174       0x60 ../../DaisyExamples/libDaisy/build/libdaisy.a(logger.o)
                0x0000000008001174                daisy::Logger<(daisy::LoggerDestination)1>::TransmitBuf()
 .text._ZN5daisy6LoggerILNS_17LoggerDestinationE1EE13AppendNewLineEv
                0x00000000080011d4       0x60 ../../DaisyExamples/libDaisy/build/libdaisy.a(logger.o)
                0x00000000080011d4                daisy::Logger<(daisy::LoggerDestination)1>::AppendNewLine()
 .text._ZN5daisy6LoggerILNS_17LoggerDestinationE1EE10PrintLineVEPKcSt9__va_list
                0x0000000008001234       0x30 ../../DaisyExamples/libDaisy/build/libdaisy.a(logger.o)
                0x0000000008001234                daisy::Logger<(daisy::LoggerDestination)1>::PrintLineV(char const*, std::__va_list)
 .text._ZN5daisy6LoggerILNS_17LoggerDestinationE1EE9PrintLineEPKcz
                0x0000000008001264       0x1c ../../DaisyExamples/libDaisy/build/libdaisy.a(logger.o)
                0x0000000008001264                daisy::Logger<(daisy::LoggerDestination)1>::PrintLine(char const*, ...)
 .text._ZN5daisy6LoggerILNS_17LoggerDestinationE1EE8StartLogEb
                0x0000000008001280       0x40 ../../DaisyExamples/libDaisy/build/libdaisy.a(logger.o)
                0x0000000008001280                daisy::Logger<(daisy::LoggerDestination)1>::StartLog(bool)
 .text.startup._GLOBAL__sub_I__ZN5daisy10LoggerImplILNS_17LoggerDestinationE1EE11usb_handle_E
                0x00000000080012c0       0x2c ../../DaisyExamples/libDaisy/build/libdaisy.a(logger.o)
 .text.DummyRxCallback
                0x00000000080012ec        0x4 ../../DaisyExamples/libDaisy/build/libdaisy.a(usb.o)
                0x00000000080012ec                DummyRxCallback
 .text._ZN5daisy9UsbHandle4InitENS0_9UsbPeriphE
                0x00000000080012f0      0x10c ../../DaisyExamples/libDaisy/build/libdaisy.a(usb.o)
                0x00000000080012f0                daisy::UsbHandle::Init(daisy::UsbHandle::UsbPeriph)
 .text._ZN5daisy9UsbHandle16TransmitInternalEPhj
                0x00000000080013fc       0x14 ../../DaisyExamples/libDaisy/build/libdaisy.a(usb.o)
                0x00000000080013fc                daisy::UsbHandle::TransmitInternal(unsigned char*, unsigned int)
 .text.OTG_FS_EP1_OUT_IRQHandler
                0x0000000008001410        0xc ../../DaisyExamples/libDaisy/build/libdaisy.a(usb.o)
                0x0000000008001410                OTG_FS_EP1_OUT_IRQHandler
 .text.OTG_FS_EP1_IN_IRQHandler
                0x000000000800141c        0xc ../../DaisyExamples/libDaisy/build/libdaisy.a(usb.o)
                0x000000000800141c                OTG_FS_EP1_IN_IRQHandler
 .text.OTG_FS_IRQHandler
                0x0000000008001428        0xc ../../DaisyExamples/libDaisy/build/libdaisy.a(usb.o)
                0x0000000008001428                OTG_FS_IRQHandler
 .text._ZN5daisy16AdcChannelConfig10InitSingleE12dsy_gpio_pin
                0x0000000008001434       0x1c ../../DaisyExamples/libDaisy/build/libdaisy.a(adc.o)
                0x0000000008001434                daisy::AdcChannelConfig::InitSingle(dsy_gpio_pin)
 .text._ZN5daisy9AdcHandle4InitEPNS_16AdcChannelConfigEjNS0_12OverSamplingE
                0x0000000008001450      0x3c8 ../../DaisyExamples/libDaisy/build/libdaisy.a(adc.o)
                0x0000000008001450                daisy::AdcHandle::Init(daisy::AdcChannelConfig*, unsigned int, daisy::AdcHandle::OverSampling)
 .text._ZN5daisy9AdcHandle5StartEv
                0x0000000008001818       0x2c ../../DaisyExamples/libDaisy/build/libdaisy.a(adc.o)
                0x0000000008001818                daisy::AdcHandle::Start()
 .text._ZNK5daisy9AdcHandle6GetPtrEh
                0x0000000008001844       0x14 ../../DaisyExamples/libDaisy/build/libdaisy.a(adc.o)
                0x0000000008001844                daisy::AdcHandle::GetPtr(unsigned char) const
 .text.HAL_ADC_MspInit
                0x0000000008001858       0x98 ../../DaisyExamples/libDaisy/build/libdaisy.a(adc.o)
                0x0000000008001858                HAL_ADC_MspInit
 .text.DMA1_Stream2_IRQHandler
                0x00000000080018f0        0xc ../../DaisyExamples/libDaisy/build/libdaisy.a(adc.o)
                0x00000000080018f0                DMA1_Stream2_IRQHandler
 .text.HAL_ADC_ConvCpltCallback
                0x00000000080018fc      0x148 ../../DaisyExamples/libDaisy/build/libdaisy.a(adc.o)
                0x00000000080018fc                HAL_ADC_ConvCpltCallback
 .text.HAL_ADC_ErrorCallback
                0x0000000008001a44        0x4 ../../DaisyExamples/libDaisy/build/libdaisy.a(adc.o)
                0x0000000008001a44                HAL_ADC_ErrorCallback
 .text.HAL_DAC_MspInit
                0x0000000008001a48      0x15c ../../DaisyExamples/libDaisy/build/libdaisy.a(dac.o)
                0x0000000008001a48                HAL_DAC_MspInit
 .text.DMA2_Stream0_IRQHandler
                0x0000000008001ba4        0xc ../../DaisyExamples/libDaisy/build/libdaisy.a(dac.o)
                0x0000000008001ba4                DMA2_Stream0_IRQHandler
 .text.DMA2_Stream1_IRQHandler
                0x0000000008001bb0        0xc ../../DaisyExamples/libDaisy/build/libdaisy.a(dac.o)
                0x0000000008001bb0                DMA2_Stream1_IRQHandler
 .text.TIM6_DAC_IRQHandler
                0x0000000008001bbc       0x1c ../../DaisyExamples/libDaisy/build/libdaisy.a(dac.o)
                0x0000000008001bbc                TIM6_DAC_IRQHandler
 .text.HAL_DAC_ConvCpltCallbackCh1
                0x0000000008001bd8       0x60 ../../DaisyExamples/libDaisy/build/libdaisy.a(dac.o)
                0x0000000008001bd8                HAL_DAC_ConvCpltCallbackCh1
 .text.HAL_DAC_ConvHalfCpltCallbackCh1
                0x0000000008001c38       0x54 ../../DaisyExamples/libDaisy/build/libdaisy.a(dac.o)
                0x0000000008001c38                HAL_DAC_ConvHalfCpltCallbackCh1
 .text.HAL_DACEx_ConvHalfCpltCallbackCh2
                0x0000000008001c8c       0x2c ../../DaisyExamples/libDaisy/build/libdaisy.a(dac.o)
                0x0000000008001c8c                HAL_DACEx_ConvHalfCpltCallbackCh2
 .text.HAL_DACEx_ConvCpltCallbackCh2
                0x0000000008001cb8       0x34 ../../DaisyExamples/libDaisy/build/libdaisy.a(dac.o)
                0x0000000008001cb8                HAL_DACEx_ConvCpltCallbackCh2
 .text._ZN5daisy9DacHandle4InitERKNS0_6ConfigE
                0x0000000008001cec       0xfc ../../DaisyExamples/libDaisy/build/libdaisy.a(dac.o)
                0x0000000008001cec                daisy::DacHandle::Init(daisy::DacHandle::Config const&)
 .text._ZN5daisy9DacHandle5StartEPtS1_jPFvPS1_jE
                0x0000000008001de8       0x6c ../../DaisyExamples/libDaisy/build/libdaisy.a(dac.o)
                0x0000000008001de8                daisy::DacHandle::Start(unsigned short*, unsigned short*, unsigned int, void (*)(unsigned short**, unsigned int))
 .text._ZN5daisy9DacHandle4StopEv
                0x0000000008001e54       0x40 ../../DaisyExamples/libDaisy/build/libdaisy.a(dac.o)
                0x0000000008001e54                daisy::DacHandle::Stop()
 .text.dsy_gpio_init
                0x0000000008001e94      0x1b8 ../../DaisyExamples/libDaisy/build/libdaisy.a(gpio.o)
                0x0000000008001e94                dsy_gpio_init
 .text.dsy_gpio_write
                0x000000000800204c       0x24 ../../DaisyExamples/libDaisy/build/libdaisy.a(gpio.o)
                0x000000000800204c                dsy_gpio_write
 .text._ZN5daisy9I2CHandle4Impl8InitPinsEv
                0x0000000008002070       0x58 ../../DaisyExamples/libDaisy/build/libdaisy.a(i2c.o)
                0x0000000008002070                daisy::I2CHandle::Impl::InitPins()
 .text.HAL_I2C_MspInit
                0x00000000080020c8      0x1b4 ../../DaisyExamples/libDaisy/build/libdaisy.a(i2c.o)
                0x00000000080020c8                HAL_I2C_MspInit
 .text.dsy_i2c_global_init
                0x000000000800227c       0x78 ../../DaisyExamples/libDaisy/build/libdaisy.a(i2c.o)
                0x000000000800227c                dsy_i2c_global_init
 .text.DMA1_Stream6_IRQHandler
                0x00000000080022f4       0x34 ../../DaisyExamples/libDaisy/build/libdaisy.a(i2c.o)
                0x00000000080022f4                DMA1_Stream6_IRQHandler
 .text.I2C1_EV_IRQHandler
                0x0000000008002328        0xc ../../DaisyExamples/libDaisy/build/libdaisy.a(i2c.o)
                0x0000000008002328                I2C1_EV_IRQHandler
 .text.I2C2_EV_IRQHandler
                0x0000000008002334        0xc ../../DaisyExamples/libDaisy/build/libdaisy.a(i2c.o)
                0x0000000008002334                I2C2_EV_IRQHandler
 .text.I2C3_EV_IRQHandler
                0x0000000008002340        0xc ../../DaisyExamples/libDaisy/build/libdaisy.a(i2c.o)
                0x0000000008002340                I2C3_EV_IRQHandler
 .text._ZN5daisy9I2CHandle4InitERKNS0_6ConfigE
                0x000000000800234c      0x12c ../../DaisyExamples/libDaisy/build/libdaisy.a(i2c.o)
                0x000000000800234c                daisy::I2CHandle::Init(daisy::I2CHandle::Config const&)
 .text._ZN5daisy9I2CHandle17ReadDataAtAddressEtttPhtm
                0x0000000008002478       0x4c ../../DaisyExamples/libDaisy/build/libdaisy.a(i2c.o)
                0x0000000008002478                daisy::I2CHandle::ReadDataAtAddress(unsigned short, unsigned short, unsigned short, unsigned char*, unsigned short, unsigned long)
 .text._ZN5daisy9I2CHandle18WriteDataAtAddressEtttPhtm
                0x00000000080024c4       0x4c ../../DaisyExamples/libDaisy/build/libdaisy.a(i2c.o)
                0x00000000080024c4                daisy::I2CHandle::WriteDataAtAddress(unsigned short, unsigned short, unsigned short, unsigned char*, unsigned short, unsigned long)
 .text.startup._GLOBAL__sub_I__ZN5daisy9I2CHandle4Impl10GlobalInitEv
                0x0000000008002510       0x18 ../../DaisyExamples/libDaisy/build/libdaisy.a(i2c.o)
 .text._ZN5daisy10QSPIHandle4Impl11WriteEnableEv
                0x0000000008002528       0x8c ../../DaisyExamples/libDaisy/build/libdaisy.a(qspi.o)
                0x0000000008002528                daisy::QSPIHandle::Impl::WriteEnable()
 *fill*         0x00000000080025b4        0x4 
 .text._ZN5daisy10QSPIHandle4Impl17DummyCyclesConfigENS0_6Config6DeviceE
                0x00000000080025b8      0x118 ../../DaisyExamples/libDaisy/build/libdaisy.a(qspi.o)
                0x00000000080025b8                daisy::QSPIHandle::Impl::DummyCyclesConfig(daisy::QSPIHandle::Config::Device)
 .text._ZN5daisy10QSPIHandle4Impl10QuadEnableEv
                0x00000000080026d0      0x158 ../../DaisyExamples/libDaisy/build/libdaisy.a(qspi.o)
                0x00000000080026d0                daisy::QSPIHandle::Impl::QuadEnable()
 .text._ZN5daisy10QSPIHandle4InitERKNS0_6ConfigE
                0x0000000008002828      0x198 ../../DaisyExamples/libDaisy/build/libdaisy.a(qspi.o)
                0x0000000008002828                daisy::QSPIHandle::Init(daisy::QSPIHandle::Config const&)
 .text.HAL_QSPI_MspInit
                0x00000000080029c0      0x11c ../../DaisyExamples/libDaisy/build/libdaisy.a(qspi.o)
                0x00000000080029c0                HAL_QSPI_MspInit
 .text.HAL_QSPI_MspDeInit
                0x0000000008002adc       0x54 ../../DaisyExamples/libDaisy/build/libdaisy.a(qspi.o)
                0x0000000008002adc                HAL_QSPI_MspDeInit
 .text.QUADSPI_IRQHandler
                0x0000000008002b30        0xc ../../DaisyExamples/libDaisy/build/libdaisy.a(qspi.o)
                0x0000000008002b30                QUADSPI_IRQHandler
 .text.startup._GLOBAL__sub_I__ZN5daisy10QSPIHandle4Impl4InitERKNS0_6ConfigE
                0x0000000008002b3c       0x28 ../../DaisyExamples/libDaisy/build/libdaisy.a(qspi.o)
 .text._ZN5daisy9SaiHandle4Impl7InitDmaENS1_15PeripheralBlockE
                0x0000000008002b64       0xa0 ../../DaisyExamples/libDaisy/build/libdaisy.a(sai.o)
                0x0000000008002b64                daisy::SaiHandle::Impl::InitDma(daisy::SaiHandle::Impl::PeripheralBlock)
 .text._ZN5daisy9SaiHandle4Impl8InitPinsEv
                0x0000000008002c04       0xa8 ../../DaisyExamples/libDaisy/build/libdaisy.a(sai.o)
                0x0000000008002c04                daisy::SaiHandle::Impl::InitPins()
 .text.HAL_SAI_MspInit
                0x0000000008002cac      0x164 ../../DaisyExamples/libDaisy/build/libdaisy.a(sai.o)
                0x0000000008002cac                HAL_SAI_MspInit
 .text.DMA1_Stream0_IRQHandler
                0x0000000008002e10        0xc ../../DaisyExamples/libDaisy/build/libdaisy.a(sai.o)
                0x0000000008002e10                DMA1_Stream0_IRQHandler
 .text.DMA1_Stream1_IRQHandler
                0x0000000008002e1c        0xc ../../DaisyExamples/libDaisy/build/libdaisy.a(sai.o)
                0x0000000008002e1c                DMA1_Stream1_IRQHandler
 .text.DMA1_Stream3_IRQHandler
                0x0000000008002e28        0xc ../../DaisyExamples/libDaisy/build/libdaisy.a(sai.o)
                0x0000000008002e28                DMA1_Stream3_IRQHandler
 .text.DMA1_Stream4_IRQHandler
                0x0000000008002e34        0xc ../../DaisyExamples/libDaisy/build/libdaisy.a(sai.o)
                0x0000000008002e34                DMA1_Stream4_IRQHandler
 .text._ZN5daisy9SaiHandle4InitERKNS0_6ConfigE
                0x0000000008002e40      0x1f0 ../../DaisyExamples/libDaisy/build/libdaisy.a(sai.o)
                0x0000000008002e40                daisy::SaiHandle::Init(daisy::SaiHandle::Config const&)
 .text._ZNK5daisy9SaiHandle9GetConfigEv
                0x0000000008003030        0x4 ../../DaisyExamples/libDaisy/build/libdaisy.a(sai.o)
                0x0000000008003030                daisy::SaiHandle::GetConfig() const
 .text._ZN5daisy9SaiHandle13GetSampleRateEv
                0x0000000008003034       0x24 ../../DaisyExamples/libDaisy/build/libdaisy.a(sai.o)
                0x0000000008003034                daisy::SaiHandle::GetSampleRate()
 .text._ZN5daisy11TimerHandleD2Ev
                0x0000000008003058        0x4 ../../DaisyExamples/libDaisy/build/libdaisy.a(system.o)
                0x0000000008003058                daisy::TimerHandle::~TimerHandle()
                0x0000000008003058                daisy::TimerHandle::~TimerHandle()
 .text.SysTick_Handler
                0x000000000800305c       0x10 ../../DaisyExamples/libDaisy/build/libdaisy.a(system.o)
                0x000000000800305c                SysTick_Handler
 .text.OTG_HS_EP1_OUT_IRQHandler
                0x000000000800306c       0x24 ../../DaisyExamples/libDaisy/build/libdaisy.a(system.o)
                0x000000000800306c                OTG_HS_EP1_OUT_IRQHandler
 .text.OTG_HS_EP1_IN_IRQHandler
                0x0000000008003090       0x24 ../../DaisyExamples/libDaisy/build/libdaisy.a(system.o)
                0x0000000008003090                OTG_HS_EP1_IN_IRQHandler
 .text.OTG_HS_IRQHandler
                0x00000000080030b4       0x24 ../../DaisyExamples/libDaisy/build/libdaisy.a(system.o)
                0x00000000080030b4                OTG_HS_IRQHandler
 .text.HardFault_Handler
                0x00000000080030d8       0xe0 ../../DaisyExamples/libDaisy/build/libdaisy.a(system.o)
                0x00000000080030d8                HardFault_Handler
 .text._ZN5daisy6System5DelayEm
                0x00000000080031b8        0x4 ../../DaisyExamples/libDaisy/build/libdaisy.a(system.o)
                0x00000000080031b8                daisy::System::Delay(unsigned long)
 .text._ZN5daisy6System15ConfigureClocksEv
                0x00000000080031bc      0x194 ../../DaisyExamples/libDaisy/build/libdaisy.a(system.o)
                0x00000000080031bc                daisy::System::ConfigureClocks()
 .text._ZN5daisy6System4InitERKNS0_6ConfigE
                0x0000000008003350      0x140 ../../DaisyExamples/libDaisy/build/libdaisy.a(system.o)
                0x0000000008003350                daisy::System::Init(daisy::System::Config const&)
 .text._ZN5daisy6System12GetPClk1FreqEv
                0x0000000008003490        0x4 ../../DaisyExamples/libDaisy/build/libdaisy.a(system.o)
                0x0000000008003490                daisy::System::GetPClk1Freq()
 .text._ZN5daisy6System12GetPClk2FreqEv
                0x0000000008003494        0x4 ../../DaisyExamples/libDaisy/build/libdaisy.a(system.o)
                0x0000000008003494                daisy::System::GetPClk2Freq()
 .text._ZN5daisy6System22GetProgramMemoryRegionEv
                0x0000000008003498       0x78 ../../DaisyExamples/libDaisy/build/libdaisy.a(system.o)
                0x0000000008003498                daisy::System::GetProgramMemoryRegion()
 .text.startup._GLOBAL__sub_I_SysTick_Handler
                0x0000000008003510       0x1c ../../DaisyExamples/libDaisy/build/libdaisy.a(system.o)
 .text.SystemInit
                0x000000000800352c       0x9c ../../DaisyExamples/libDaisy/build/libdaisy.a(system_stm32h7xx.o)
                0x000000000800352c                SystemInit
 .text.dummy_rx_callback
                0x00000000080035c8        0x4 ../../DaisyExamples/libDaisy/build/libdaisy.a(usbd_cdc_if.o)
                0x00000000080035c8                dummy_rx_callback
 .text.CDC_DeInit_FS
                0x00000000080035cc        0x4 ../../DaisyExamples/libDaisy/build/libdaisy.a(usbd_cdc_if.o)
 .text.CDC_Receive_FS
                0x00000000080035d0       0x2c ../../DaisyExamples/libDaisy/build/libdaisy.a(usbd_cdc_if.o)
 .text.CDC_Receive_HS
                0x00000000080035fc       0x2c ../../DaisyExamples/libDaisy/build/libdaisy.a(usbd_cdc_if.o)
 .text.CDC_Init_FS
                0x0000000008003628       0x3c ../../DaisyExamples/libDaisy/build/libdaisy.a(usbd_cdc_if.o)
 .text.CDC_Init_HS
                0x0000000008003664       0x3c ../../DaisyExamples/libDaisy/build/libdaisy.a(usbd_cdc_if.o)
 .text.CDC_Control_FS
                0x00000000080036a0       0x34 ../../DaisyExamples/libDaisy/build/libdaisy.a(usbd_cdc_if.o)
 .text.CDC_Control_HS
                0x00000000080036d4       0x34 ../../DaisyExamples/libDaisy/build/libdaisy.a(usbd_cdc_if.o)
 .text.CDC_DeInit_HS
                0x0000000008003708        0x4 ../../DaisyExamples/libDaisy/build/libdaisy.a(usbd_cdc_if.o)
 .text.CDC_Transmit_FS
                0x000000000800370c       0x2c ../../DaisyExamples/libDaisy/build/libdaisy.a(usbd_cdc_if.o)
                0x000000000800370c                CDC_Transmit_FS
 .text.HAL_PCD_MspInit
                0x0000000008003738      0x144 ../../DaisyExamples/libDaisy/build/libdaisy.a(usbd_conf.o)
                0x0000000008003738                HAL_PCD_MspInit
 .text.HAL_PCD_SetupStageCallback
                0x000000000800387c        0xc ../../DaisyExamples/libDaisy/build/libdaisy.a(usbd_conf.o)
                0x000000000800387c                HAL_PCD_SetupStageCallback
 .text.HAL_PCD_DataOutStageCallback
                0x0000000008003888       0x14 ../../DaisyExamples/libDaisy/build/libdaisy.a(usbd_conf.o)
                0x0000000008003888                HAL_PCD_DataOutStageCallback
 .text.HAL_PCD_DataInStageCallback
                0x000000000800389c       0x14 ../../DaisyExamples/libDaisy/build/libdaisy.a(usbd_conf.o)
                0x000000000800389c                HAL_PCD_DataInStageCallback
 .text.HAL_PCD_SOFCallback
                0x00000000080038b0        0x8 ../../DaisyExamples/libDaisy/build/libdaisy.a(usbd_conf.o)
                0x00000000080038b0                HAL_PCD_SOFCallback
 .text.HAL_PCD_ResetCallback
                0x00000000080038b8       0x24 ../../DaisyExamples/libDaisy/build/libdaisy.a(usbd_conf.o)
                0x00000000080038b8                HAL_PCD_ResetCallback
 .text.HAL_PCD_SuspendCallback
                0x00000000080038dc       0x30 ../../DaisyExamples/libDaisy/build/libdaisy.a(usbd_conf.o)
                0x00000000080038dc                HAL_PCD_SuspendCallback
 .text.HAL_PCD_ResumeCallback
                0x000000000800390c        0x8 ../../DaisyExamples/libDaisy/build/libdaisy.a(usbd_conf.o)
                0x000000000800390c                HAL_PCD_ResumeCallback
 .text.HAL_PCD_ISOOUTIncompleteCallback
                0x0000000008003914        0x8 ../../DaisyExamples/libDaisy/build/libdaisy.a(usbd_conf.o)
                0x0000000008003914                HAL_PCD_ISOOUTIncompleteCallback
 .text.HAL_PCD_ISOINIncompleteCallback
                0x000000000800391c        0x8 ../../DaisyExamples/libDaisy/build/libdaisy.a(usbd_conf.o)
                0x000000000800391c                HAL_PCD_ISOINIncompleteCallback
 .text.HAL_PCD_ConnectCallback
                0x0000000008003924        0x8 ../../DaisyExamples/libDaisy/build/libdaisy.a(usbd_conf.o)
                0x0000000008003924                HAL_PCD_ConnectCallback
 .text.HAL_PCD_DisconnectCallback
                0x000000000800392c        0x8 ../../DaisyExamples/libDaisy/build/libdaisy.a(usbd_conf.o)
                0x000000000800392c                HAL_PCD_DisconnectCallback
 .text.USBD_LL_Init
                0x0000000008003934       0xe4 ../../DaisyExamples/libDaisy/build/libdaisy.a(usbd_conf.o)
                0x0000000008003934                USBD_LL_Init
 .text.USBD_LL_Start
                0x0000000008003a18       0x1c ../../DaisyExamples/libDaisy/build/libdaisy.a(usbd_conf.o)
                0x0000000008003a18                USBD_LL_Start
 .text.USBD_LL_OpenEP
                0x0000000008003a34       0x24 ../../DaisyExamples/libDaisy/build/libdaisy.a(usbd_conf.o)
                0x0000000008003a34                USBD_LL_OpenEP
 .text.USBD_LL_CloseEP
                0x0000000008003a58       0x1c ../../DaisyExamples/libDaisy/build/libdaisy.a(usbd_conf.o)
                0x0000000008003a58                USBD_LL_CloseEP
 .text.USBD_LL_StallEP
                0x0000000008003a74       0x1c ../../DaisyExamples/libDaisy/build/libdaisy.a(usbd_conf.o)
                0x0000000008003a74                USBD_LL_StallEP
 .text.USBD_LL_ClearStallEP
                0x0000000008003a90       0x1c ../../DaisyExamples/libDaisy/build/libdaisy.a(usbd_conf.o)
                0x0000000008003a90                USBD_LL_ClearStallEP
 .text.USBD_LL_IsStallEP
                0x0000000008003aac       0x28 ../../DaisyExamples/libDaisy/build/libdaisy.a(usbd_conf.o)
                0x0000000008003aac                USBD_LL_IsStallEP
 .text.USBD_LL_SetUSBAddress
                0x0000000008003ad4       0x1c ../../DaisyExamples/libDaisy/build/libdaisy.a(usbd_conf.o)
                0x0000000008003ad4                USBD_LL_SetUSBAddress
 .text.USBD_LL_Transmit
                0x0000000008003af0       0x1c ../../DaisyExamples/libDaisy/build/libdaisy.a(usbd_conf.o)
                0x0000000008003af0                USBD_LL_Transmit
 .text.USBD_LL_PrepareReceive
                0x0000000008003b0c       0x1c ../../DaisyExamples/libDaisy/build/libdaisy.a(usbd_conf.o)
                0x0000000008003b0c                USBD_LL_PrepareReceive
 .text.USBD_LL_GetRxDataSize
                0x0000000008003b28        0x8 ../../DaisyExamples/libDaisy/build/libdaisy.a(usbd_conf.o)
                0x0000000008003b28                USBD_LL_GetRxDataSize
 .text.USBD_HS_DeviceDescriptor
                0x0000000008003b30        0xc ../../DaisyExamples/libDaisy/build/libdaisy.a(usbd_desc.o)
                0x0000000008003b30                USBD_HS_DeviceDescriptor
 .text.USBD_FS_DeviceDescriptor
                0x0000000008003b3c        0xc ../../DaisyExamples/libDaisy/build/libdaisy.a(usbd_desc.o)
                0x0000000008003b3c                USBD_FS_DeviceDescriptor
 .text.USBD_FS_LangIDStrDescriptor
                0x0000000008003b48        0xc ../../DaisyExamples/libDaisy/build/libdaisy.a(usbd_desc.o)
                0x0000000008003b48                USBD_FS_LangIDStrDescriptor
 .text.USBD_FS_ManufacturerStrDescriptor
                0x0000000008003b54       0x1c ../../DaisyExamples/libDaisy/build/libdaisy.a(usbd_desc.o)
                0x0000000008003b54                USBD_FS_ManufacturerStrDescriptor
 .text.USBD_HS_ProductStrDescriptor
                0x0000000008003b70       0x1c ../../DaisyExamples/libDaisy/build/libdaisy.a(usbd_desc.o)
                0x0000000008003b70                USBD_HS_ProductStrDescriptor
 .text.USBD_FS_ConfigStrDescriptor
                0x0000000008003b8c       0x1c ../../DaisyExamples/libDaisy/build/libdaisy.a(usbd_desc.o)
                0x0000000008003b8c                USBD_FS_ConfigStrDescriptor
 .text.USBD_FS_InterfaceStrDescriptor
                0x0000000008003ba8       0x1c ../../DaisyExamples/libDaisy/build/libdaisy.a(usbd_desc.o)
                0x0000000008003ba8                USBD_FS_InterfaceStrDescriptor
 .text.USBD_FS_ProductStrDescriptor
                0x0000000008003bc4       0x1c ../../DaisyExamples/libDaisy/build/libdaisy.a(usbd_desc.o)
                0x0000000008003bc4                USBD_FS_ProductStrDescriptor
 .text.USBD_HS_LangIDStrDescriptor
                0x0000000008003be0        0xc ../../DaisyExamples/libDaisy/build/libdaisy.a(usbd_desc.o)
                0x0000000008003be0                USBD_HS_LangIDStrDescriptor
 .text.USBD_HS_ManufacturerStrDescriptor
                0x0000000008003bec       0x1c ../../DaisyExamples/libDaisy/build/libdaisy.a(usbd_desc.o)
                0x0000000008003bec                USBD_HS_ManufacturerStrDescriptor
 .text.USBD_FS_SerialStrDescriptor
                0x0000000008003c08      0x124 ../../DaisyExamples/libDaisy/build/libdaisy.a(usbd_desc.o)
                0x0000000008003c08                USBD_FS_SerialStrDescriptor
 .text.USBD_HS_SerialStrDescriptor
                0x0000000008003d2c      0x124 ../../DaisyExamples/libDaisy/build/libdaisy.a(usbd_desc.o)
                0x0000000008003d2c                USBD_HS_SerialStrDescriptor
 .text.USBD_HS_InterfaceStrDescriptor
                0x0000000008003e50       0x1c ../../DaisyExamples/libDaisy/build/libdaisy.a(usbd_desc.o)
                0x0000000008003e50                USBD_HS_InterfaceStrDescriptor
 .text.USBD_HS_ConfigStrDescriptor
                0x0000000008003e6c       0x1c ../../DaisyExamples/libDaisy/build/libdaisy.a(usbd_desc.o)
                0x0000000008003e6c                USBD_HS_ConfigStrDescriptor
 .text.HAL_HCD_SOF_Callback
                0x0000000008003e88        0x8 ../../DaisyExamples/libDaisy/build/libdaisy.a(usbh_conf.o)
                0x0000000008003e88                HAL_HCD_SOF_Callback
 .text.HAL_HCD_Connect_Callback
                0x0000000008003e90        0x8 ../../DaisyExamples/libDaisy/build/libdaisy.a(usbh_conf.o)
                0x0000000008003e90                HAL_HCD_Connect_Callback
 .text.HAL_HCD_Disconnect_Callback
                0x0000000008003e98        0x8 ../../DaisyExamples/libDaisy/build/libdaisy.a(usbh_conf.o)
                0x0000000008003e98                HAL_HCD_Disconnect_Callback
 .text.HAL_HCD_HC_NotifyURBChange_Callback
                0x0000000008003ea0        0x4 ../../DaisyExamples/libDaisy/build/libdaisy.a(usbh_conf.o)
                0x0000000008003ea0                HAL_HCD_HC_NotifyURBChange_Callback
 .text.HAL_HCD_PortEnabled_Callback
                0x0000000008003ea4        0x8 ../../DaisyExamples/libDaisy/build/libdaisy.a(usbh_conf.o)
                0x0000000008003ea4                HAL_HCD_PortEnabled_Callback
 .text.HAL_HCD_PortDisabled_Callback
                0x0000000008003eac        0x8 ../../DaisyExamples/libDaisy/build/libdaisy.a(usbh_conf.o)
                0x0000000008003eac                HAL_HCD_PortDisabled_Callback
 .text.USBH_LL_Stop
                0x0000000008003eb4       0x1c ../../DaisyExamples/libDaisy/build/libdaisy.a(usbh_conf.o)
                0x0000000008003eb4                USBH_LL_Stop
 .text.dsy_hal_map_get_port
                0x0000000008003ed0       0x10 ../../DaisyExamples/libDaisy/build/libdaisy.a(hal_map.o)
                0x0000000008003ed0                dsy_hal_map_get_port
 .text.dsy_hal_map_get_pin
                0x0000000008003ee0       0x10 ../../DaisyExamples/libDaisy/build/libdaisy.a(hal_map.o)
                0x0000000008003ee0                dsy_hal_map_get_pin
 .text.dsy_hal_map_gpio_clk_enable
                0x0000000008003ef0      0x150 ../../DaisyExamples/libDaisy/build/libdaisy.a(hal_map.o)
                0x0000000008003ef0                dsy_hal_map_gpio_clk_enable
 .text.HAL_MspInit
                0x0000000008004040        0x4 ../../DaisyExamples/libDaisy/build/libdaisy.a(stm32h7xx_hal.o)
                0x0000000008004040                HAL_MspInit
 .text.HAL_InitTick
                0x0000000008004044       0x4c ../../DaisyExamples/libDaisy/build/libdaisy.a(stm32h7xx_hal.o)
                0x0000000008004044                HAL_InitTick
 .text.HAL_Init
                0x0000000008004090       0x60 ../../DaisyExamples/libDaisy/build/libdaisy.a(stm32h7xx_hal.o)
                0x0000000008004090                HAL_Init
 .text.HAL_IncTick
                0x00000000080040f0       0x18 ../../DaisyExamples/libDaisy/build/libdaisy.a(stm32h7xx_hal.o)
                0x00000000080040f0                HAL_IncTick
 .text.HAL_GetTick
                0x0000000008004108        0xc ../../DaisyExamples/libDaisy/build/libdaisy.a(stm32h7xx_hal.o)
                0x0000000008004108                HAL_GetTick
 .text.HAL_Delay
                0x0000000008004114       0x24 ../../DaisyExamples/libDaisy/build/libdaisy.a(stm32h7xx_hal.o)
                0x0000000008004114                HAL_Delay
 .text.HAL_GetREVID
                0x0000000008004138        0xc ../../DaisyExamples/libDaisy/build/libdaisy.a(stm32h7xx_hal.o)
                0x0000000008004138                HAL_GetREVID
 .text.HAL_ADC_ConvHalfCpltCallback
                0x0000000008004144        0x4 ../../DaisyExamples/libDaisy/build/libdaisy.a(stm32h7xx_hal_adc.o)
                0x0000000008004144                HAL_ADC_ConvHalfCpltCallback
 .text.ADC_DMAHalfConvCplt
                0x0000000008004148        0xc ../../DaisyExamples/libDaisy/build/libdaisy.a(stm32h7xx_hal_adc.o)
                0x0000000008004148                ADC_DMAHalfConvCplt
 .text.ADC_DMAConvCplt
                0x0000000008004154       0x6c ../../DaisyExamples/libDaisy/build/libdaisy.a(stm32h7xx_hal_adc.o)
                0x0000000008004154                ADC_DMAConvCplt
 .text.ADC_DMAError
                0x00000000080041c0       0x1c ../../DaisyExamples/libDaisy/build/libdaisy.a(stm32h7xx_hal_adc.o)
                0x00000000080041c0                ADC_DMAError
 .text.HAL_ADC_ConfigChannel
                0x00000000080041dc      0x3fc ../../DaisyExamples/libDaisy/build/libdaisy.a(stm32h7xx_hal_adc.o)
                0x00000000080041dc                HAL_ADC_ConfigChannel
 .text.ADC_Enable
                0x00000000080045d8       0xac ../../DaisyExamples/libDaisy/build/libdaisy.a(stm32h7xx_hal_adc.o)
                0x00000000080045d8                ADC_Enable
 .text.HAL_ADC_Start_DMA
                0x0000000008004684      0x114 ../../DaisyExamples/libDaisy/build/libdaisy.a(stm32h7xx_hal_adc.o)
                0x0000000008004684                HAL_ADC_Start_DMA
 .text.ADC_Disable
                0x0000000008004798       0x68 ../../DaisyExamples/libDaisy/build/libdaisy.a(stm32h7xx_hal_adc.o)
                0x0000000008004798                ADC_Disable
 .text.ADC_ConfigureBoostMode
                0x0000000008004800      0x184 ../../DaisyExamples/libDaisy/build/libdaisy.a(stm32h7xx_hal_adc.o)
                0x0000000008004800                ADC_ConfigureBoostMode
 .text.HAL_ADC_Init
                0x0000000008004984      0x218 ../../DaisyExamples/libDaisy/build/libdaisy.a(stm32h7xx_hal_adc.o)
                0x0000000008004984                HAL_ADC_Init
 .text.HAL_ADCEx_Calibration_Start
                0x0000000008004b9c       0xa4 ../../DaisyExamples/libDaisy/build/libdaisy.a(stm32h7xx_hal_adc_ex.o)
                0x0000000008004b9c                HAL_ADCEx_Calibration_Start
 .text.HAL_ADCEx_MultiModeConfigChannel
                0x0000000008004c40       0xc4 ../../DaisyExamples/libDaisy/build/libdaisy.a(stm32h7xx_hal_adc_ex.o)
                0x0000000008004c40                HAL_ADCEx_MultiModeConfigChannel
 .text.HAL_NVIC_SetPriorityGrouping
                0x0000000008004d04       0x24 ../../DaisyExamples/libDaisy/build/libdaisy.a(stm32h7xx_hal_cortex.o)
                0x0000000008004d04                HAL_NVIC_SetPriorityGrouping
 .text.HAL_NVIC_SetPriority
                0x0000000008004d28       0x7c ../../DaisyExamples/libDaisy/build/libdaisy.a(stm32h7xx_hal_cortex.o)
                0x0000000008004d28                HAL_NVIC_SetPriority
 .text.HAL_NVIC_EnableIRQ
                0x0000000008004da4       0x1c ../../DaisyExamples/libDaisy/build/libdaisy.a(stm32h7xx_hal_cortex.o)
                0x0000000008004da4                HAL_NVIC_EnableIRQ
 .text.HAL_NVIC_DisableIRQ
                0x0000000008004dc0       0x28 ../../DaisyExamples/libDaisy/build/libdaisy.a(stm32h7xx_hal_cortex.o)
                0x0000000008004dc0                HAL_NVIC_DisableIRQ
 .text.HAL_SYSTICK_Config
                0x0000000008004de8       0x2c ../../DaisyExamples/libDaisy/build/libdaisy.a(stm32h7xx_hal_cortex.o)
                0x0000000008004de8                HAL_SYSTICK_Config
 .text.HAL_MPU_Disable
                0x0000000008004e14       0x1c ../../DaisyExamples/libDaisy/build/libdaisy.a(stm32h7xx_hal_cortex.o)
                0x0000000008004e14                HAL_MPU_Disable
 .text.HAL_MPU_Enable
                0x0000000008004e30       0x20 ../../DaisyExamples/libDaisy/build/libdaisy.a(stm32h7xx_hal_cortex.o)
                0x0000000008004e30                HAL_MPU_Enable
 .text.HAL_MPU_ConfigRegion
                0x0000000008004e50       0x64 ../../DaisyExamples/libDaisy/build/libdaisy.a(stm32h7xx_hal_cortex.o)
                0x0000000008004e50                HAL_MPU_ConfigRegion
 .text.HAL_SYSTICK_Callback
                0x0000000008004eb4        0x4 ../../DaisyExamples/libDaisy/build/libdaisy.a(stm32h7xx_hal_cortex.o)
                0x0000000008004eb4                HAL_SYSTICK_Callback
 .text.HAL_SYSTICK_IRQHandler
                0x0000000008004eb8        0x8 ../../DaisyExamples/libDaisy/build/libdaisy.a(stm32h7xx_hal_cortex.o)
                0x0000000008004eb8                HAL_SYSTICK_IRQHandler
 .text.HAL_DAC_Init
                0x0000000008004ec0       0x2c ../../DaisyExamples/libDaisy/build/libdaisy.a(stm32h7xx_hal_dac.o)
                0x0000000008004ec0                HAL_DAC_Init
 .text.HAL_DAC_Start_DMA
                0x0000000008004eec      0x118 ../../DaisyExamples/libDaisy/build/libdaisy.a(stm32h7xx_hal_dac.o)
                0x0000000008004eec                HAL_DAC_Start_DMA
 .text.HAL_DAC_Stop_DMA
                0x0000000008005004       0x5c ../../DaisyExamples/libDaisy/build/libdaisy.a(stm32h7xx_hal_dac.o)
                0x0000000008005004                HAL_DAC_Stop_DMA
 .text.DAC_DMAConvCpltCh1
                0x0000000008005060       0x10 ../../DaisyExamples/libDaisy/build/libdaisy.a(stm32h7xx_hal_dac.o)
 .text.DAC_DMAHalfConvCpltCh1
                0x0000000008005070        0xc ../../DaisyExamples/libDaisy/build/libdaisy.a(stm32h7xx_hal_dac.o)
 .text.HAL_DAC_ErrorCallbackCh1
                0x000000000800507c        0x4 ../../DaisyExamples/libDaisy/build/libdaisy.a(stm32h7xx_hal_dac.o)
                0x000000000800507c                HAL_DAC_ErrorCallbackCh1
 .text.DAC_DMAErrorCh1
                0x0000000008005080       0x18 ../../DaisyExamples/libDaisy/build/libdaisy.a(stm32h7xx_hal_dac.o)
 .text.HAL_DAC_DMAUnderrunCallbackCh1
                0x0000000008005098        0x4 ../../DaisyExamples/libDaisy/build/libdaisy.a(stm32h7xx_hal_dac.o)
                0x0000000008005098                HAL_DAC_DMAUnderrunCallbackCh1
 .text.HAL_DAC_IRQHandler
                0x000000000800509c       0x68 ../../DaisyExamples/libDaisy/build/libdaisy.a(stm32h7xx_hal_dac.o)
                0x000000000800509c                HAL_DAC_IRQHandler
 .text.HAL_DAC_ConfigChannel
                0x0000000008005104      0x130 ../../DaisyExamples/libDaisy/build/libdaisy.a(stm32h7xx_hal_dac.o)
                0x0000000008005104                HAL_DAC_ConfigChannel
 .text.HAL_DACEx_ErrorCallbackCh2
                0x0000000008005234        0x4 ../../DaisyExamples/libDaisy/build/libdaisy.a(stm32h7xx_hal_dac_ex.o)
                0x0000000008005234                HAL_DACEx_ErrorCallbackCh2
 .text.HAL_DACEx_DMAUnderrunCallbackCh2
                0x0000000008005238        0x4 ../../DaisyExamples/libDaisy/build/libdaisy.a(stm32h7xx_hal_dac_ex.o)
                0x0000000008005238                HAL_DACEx_DMAUnderrunCallbackCh2
 .text.DAC_DMAConvCpltCh2
                0x000000000800523c       0x10 ../../DaisyExamples/libDaisy/build/libdaisy.a(stm32h7xx_hal_dac_ex.o)
                0x000000000800523c                DAC_DMAConvCpltCh2
 .text.DAC_DMAHalfConvCpltCh2
                0x000000000800524c        0xc ../../DaisyExamples/libDaisy/build/libdaisy.a(stm32h7xx_hal_dac_ex.o)
                0x000000000800524c                DAC_DMAHalfConvCpltCh2
 .text.DAC_DMAErrorCh2
                0x0000000008005258       0x18 ../../DaisyExamples/libDaisy/build/libdaisy.a(stm32h7xx_hal_dac_ex.o)
                0x0000000008005258                DAC_DMAErrorCh2
 .text.DMA_CalcBaseAndBitshift
                0x0000000008005270       0xf4 ../../DaisyExamples/libDaisy/build/libdaisy.a(stm32h7xx_hal_dma.o)
 .text.DMA_CalcDMAMUXChannelBaseAndMask
                0x0000000008005364       0xd8 ../../DaisyExamples/libDaisy/build/libdaisy.a(stm32h7xx_hal_dma.o)
 .text.HAL_DMA_Init
                0x000000000800543c      0x37c ../../DaisyExamples/libDaisy/build/libdaisy.a(stm32h7xx_hal_dma.o)
                0x000000000800543c                HAL_DMA_Init
 .text.HAL_DMA_Start_IT
                0x00000000080057b8      0x240 ../../DaisyExamples/libDaisy/build/libdaisy.a(stm32h7xx_hal_dma.o)
                0x00000000080057b8                HAL_DMA_Start_IT
 .text.HAL_DMA_Abort
                0x00000000080059f8      0x21c ../../DaisyExamples/libDaisy/build/libdaisy.a(stm32h7xx_hal_dma.o)
                0x00000000080059f8                HAL_DMA_Abort
 .text.HAL_DMA_Abort_IT
                0x0000000008005c14      0x134 ../../DaisyExamples/libDaisy/build/libdaisy.a(stm32h7xx_hal_dma.o)
                0x0000000008005c14                HAL_DMA_Abort_IT
 .text.HAL_DMA_IRQHandler
                0x0000000008005d48      0x6a0 ../../DaisyExamples/libDaisy/build/libdaisy.a(stm32h7xx_hal_dma.o)
                0x0000000008005d48                HAL_DMA_IRQHandler
 .text.HAL_DMA_GetError
                0x00000000080063e8        0x4 ../../DaisyExamples/libDaisy/build/libdaisy.a(stm32h7xx_hal_dma.o)
                0x00000000080063e8                HAL_DMA_GetError
 .text.HAL_GPIO_Init
                0x00000000080063ec      0x280 ../../DaisyExamples/libDaisy/build/libdaisy.a(stm32h7xx_hal_gpio.o)
                0x00000000080063ec                HAL_GPIO_Init
 .text.HAL_GPIO_DeInit
                0x000000000800666c      0x190 ../../DaisyExamples/libDaisy/build/libdaisy.a(stm32h7xx_hal_gpio.o)
                0x000000000800666c                HAL_GPIO_DeInit
 .text.HAL_GPIO_WritePin
                0x00000000080067fc        0x8 ../../DaisyExamples/libDaisy/build/libdaisy.a(stm32h7xx_hal_gpio.o)
                0x00000000080067fc                HAL_GPIO_WritePin
 .text.HAL_HCD_IRQHandler
                0x0000000008006804      0x780 ../../DaisyExamples/libDaisy/build/libdaisy.a(stm32h7xx_hal_hcd.o)
                0x0000000008006804                HAL_HCD_IRQHandler
 .text.HAL_HCD_Stop
                0x0000000008006f84       0x28 ../../DaisyExamples/libDaisy/build/libdaisy.a(stm32h7xx_hal_hcd.o)
                0x0000000008006f84                HAL_HCD_Stop
 .text.I2C_WaitOnTXISFlagUntilTimeout
                0x0000000008006fac       0xb8 ../../DaisyExamples/libDaisy/build/libdaisy.a(stm32h7xx_hal_i2c.o)
 .text.I2C_WaitOnSTOPFlagUntilTimeout
                0x0000000008007064       0xac ../../DaisyExamples/libDaisy/build/libdaisy.a(stm32h7xx_hal_i2c.o)
 .text.HAL_I2C_Init
                0x0000000008007110       0xac ../../DaisyExamples/libDaisy/build/libdaisy.a(stm32h7xx_hal_i2c.o)
                0x0000000008007110                HAL_I2C_Init
 .text.HAL_I2C_Mem_Write
                0x00000000080071bc      0x254 ../../DaisyExamples/libDaisy/build/libdaisy.a(stm32h7xx_hal_i2c.o)
                0x00000000080071bc                HAL_I2C_Mem_Write
 .text.HAL_I2C_Mem_Read
                0x0000000008007410      0x29c ../../DaisyExamples/libDaisy/build/libdaisy.a(stm32h7xx_hal_i2c.o)
                0x0000000008007410                HAL_I2C_Mem_Read
 .text.HAL_I2C_EV_IRQHandler
                0x00000000080076ac       0x10 ../../DaisyExamples/libDaisy/build/libdaisy.a(stm32h7xx_hal_i2c.o)
                0x00000000080076ac                HAL_I2C_EV_IRQHandler
 .text.HAL_I2C_GetState
                0x00000000080076bc        0x8 ../../DaisyExamples/libDaisy/build/libdaisy.a(stm32h7xx_hal_i2c.o)
                0x00000000080076bc                HAL_I2C_GetState
 .text.HAL_I2CEx_ConfigAnalogFilter
                0x00000000080076c4       0x54 ../../DaisyExamples/libDaisy/build/libdaisy.a(stm32h7xx_hal_i2c_ex.o)
                0x00000000080076c4                HAL_I2CEx_ConfigAnalogFilter
 .text.HAL_I2CEx_ConfigDigitalFilter
                0x0000000008007718       0x58 ../../DaisyExamples/libDaisy/build/libdaisy.a(stm32h7xx_hal_i2c_ex.o)
                0x0000000008007718                HAL_I2CEx_ConfigDigitalFilter
 .text.HAL_PCD_Init
                0x0000000008007770      0x12c ../../DaisyExamples/libDaisy/build/libdaisy.a(stm32h7xx_hal_pcd.o)
                0x0000000008007770                HAL_PCD_Init
 .text.HAL_PCD_Start
                0x000000000800789c       0x44 ../../DaisyExamples/libDaisy/build/libdaisy.a(stm32h7xx_hal_pcd.o)
                0x000000000800789c                HAL_PCD_Start
 .text.HAL_PCD_IRQHandler
                0x00000000080078e0      0x69c ../../DaisyExamples/libDaisy/build/libdaisy.a(stm32h7xx_hal_pcd.o)
                0x00000000080078e0                HAL_PCD_IRQHandler
 .text.HAL_PCD_SetAddress
                0x0000000008007f7c       0x2c ../../DaisyExamples/libDaisy/build/libdaisy.a(stm32h7xx_hal_pcd.o)
                0x0000000008007f7c                HAL_PCD_SetAddress
 .text.HAL_PCD_EP_Open
                0x0000000008007fa8       0x7c ../../DaisyExamples/libDaisy/build/libdaisy.a(stm32h7xx_hal_pcd.o)
                0x0000000008007fa8                HAL_PCD_EP_Open
 .text.HAL_PCD_EP_Close
                0x0000000008008024       0x6c ../../DaisyExamples/libDaisy/build/libdaisy.a(stm32h7xx_hal_pcd.o)
                0x0000000008008024                HAL_PCD_EP_Close
 .text.HAL_PCD_EP_Receive
                0x0000000008008090       0x50 ../../DaisyExamples/libDaisy/build/libdaisy.a(stm32h7xx_hal_pcd.o)
                0x0000000008008090                HAL_PCD_EP_Receive
 .text.HAL_PCD_EP_GetRxCount
                0x00000000080080e0       0x14 ../../DaisyExamples/libDaisy/build/libdaisy.a(stm32h7xx_hal_pcd.o)
                0x00000000080080e0                HAL_PCD_EP_GetRxCount
 .text.HAL_PCD_EP_Transmit
                0x00000000080080f4       0x50 ../../DaisyExamples/libDaisy/build/libdaisy.a(stm32h7xx_hal_pcd.o)
                0x00000000080080f4                HAL_PCD_EP_Transmit
 .text.HAL_PCD_EP_SetStall
                0x0000000008008144       0x88 ../../DaisyExamples/libDaisy/build/libdaisy.a(stm32h7xx_hal_pcd.o)
                0x0000000008008144                HAL_PCD_EP_SetStall
 .text.HAL_PCD_EP_ClrStall
                0x00000000080081cc       0x78 ../../DaisyExamples/libDaisy/build/libdaisy.a(stm32h7xx_hal_pcd.o)
                0x00000000080081cc                HAL_PCD_EP_ClrStall
 .text.HAL_PCDEx_SetTxFiFo
                0x0000000008008244       0x54 ../../DaisyExamples/libDaisy/build/libdaisy.a(stm32h7xx_hal_pcd_ex.o)
                0x0000000008008244                HAL_PCDEx_SetTxFiFo
 .text.HAL_PCDEx_SetRxFiFo
                0x0000000008008298        0xc ../../DaisyExamples/libDaisy/build/libdaisy.a(stm32h7xx_hal_pcd_ex.o)
                0x0000000008008298                HAL_PCDEx_SetRxFiFo
 .text.HAL_PCDEx_ActivateLPM
                0x00000000080082a4       0x30 ../../DaisyExamples/libDaisy/build/libdaisy.a(stm32h7xx_hal_pcd_ex.o)
                0x00000000080082a4                HAL_PCDEx_ActivateLPM
 .text.HAL_PCDEx_LPM_Callback
                0x00000000080082d4        0x4 ../../DaisyExamples/libDaisy/build/libdaisy.a(stm32h7xx_hal_pcd_ex.o)
                0x00000000080082d4                HAL_PCDEx_LPM_Callback
 .text.HAL_PWREx_ConfigSupply
                0x00000000080082d8       0x4c ../../DaisyExamples/libDaisy/build/libdaisy.a(stm32h7xx_hal_pwr_ex.o)
                0x00000000080082d8                HAL_PWREx_ConfigSupply
 .text.HAL_PWREx_EnableUSBVoltageDetector
                0x0000000008008324       0x10 ../../DaisyExamples/libDaisy/build/libdaisy.a(stm32h7xx_hal_pwr_ex.o)
                0x0000000008008324                HAL_PWREx_EnableUSBVoltageDetector
 .text.QSPI_Config
                0x0000000008008334      0x174 ../../DaisyExamples/libDaisy/build/libdaisy.a(stm32h7xx_hal_qspi.o)
 .text.HAL_QSPI_Init
                0x00000000080084a8       0xd8 ../../DaisyExamples/libDaisy/build/libdaisy.a(stm32h7xx_hal_qspi.o)
                0x00000000080084a8                HAL_QSPI_Init
 .text.HAL_QSPI_DeInit
                0x0000000008008580       0x3c ../../DaisyExamples/libDaisy/build/libdaisy.a(stm32h7xx_hal_qspi.o)
                0x0000000008008580                HAL_QSPI_DeInit
 .text.HAL_QSPI_Command
                0x00000000080085bc       0xd4 ../../DaisyExamples/libDaisy/build/libdaisy.a(stm32h7xx_hal_qspi.o)
                0x00000000080085bc                HAL_QSPI_Command
 .text.HAL_QSPI_Transmit
                0x0000000008008690       0xfc ../../DaisyExamples/libDaisy/build/libdaisy.a(stm32h7xx_hal_qspi.o)
                0x0000000008008690                HAL_QSPI_Transmit
 .text.HAL_QSPI_Receive
                0x000000000800878c      0x108 ../../DaisyExamples/libDaisy/build/libdaisy.a(stm32h7xx_hal_qspi.o)
                0x000000000800878c                HAL_QSPI_Receive
 .text.HAL_QSPI_AutoPolling
                0x0000000008008894       0xf0 ../../DaisyExamples/libDaisy/build/libdaisy.a(stm32h7xx_hal_qspi.o)
                0x0000000008008894                HAL_QSPI_AutoPolling
 .text.HAL_QSPI_MemoryMapped
                0x0000000008008984       0xc0 ../../DaisyExamples/libDaisy/build/libdaisy.a(stm32h7xx_hal_qspi.o)
                0x0000000008008984                HAL_QSPI_MemoryMapped
 .text.HAL_QSPI_ErrorCallback
                0x0000000008008a44        0x4 ../../DaisyExamples/libDaisy/build/libdaisy.a(stm32h7xx_hal_qspi.o)
                0x0000000008008a44                HAL_QSPI_ErrorCallback
 .text.QSPI_DMAAbortCplt
                0x0000000008008a48       0x38 ../../DaisyExamples/libDaisy/build/libdaisy.a(stm32h7xx_hal_qspi.o)
 .text.HAL_QSPI_AbortCpltCallback
                0x0000000008008a80        0x4 ../../DaisyExamples/libDaisy/build/libdaisy.a(stm32h7xx_hal_qspi.o)
                0x0000000008008a80                HAL_QSPI_AbortCpltCallback
 .text.HAL_QSPI_CmdCpltCallback
                0x0000000008008a84        0x4 ../../DaisyExamples/libDaisy/build/libdaisy.a(stm32h7xx_hal_qspi.o)
                0x0000000008008a84                HAL_QSPI_CmdCpltCallback
 .text.HAL_QSPI_RxCpltCallback
                0x0000000008008a88        0x4 ../../DaisyExamples/libDaisy/build/libdaisy.a(stm32h7xx_hal_qspi.o)
                0x0000000008008a88                HAL_QSPI_RxCpltCallback
 .text.HAL_QSPI_TxCpltCallback
                0x0000000008008a8c        0x4 ../../DaisyExamples/libDaisy/build/libdaisy.a(stm32h7xx_hal_qspi.o)
                0x0000000008008a8c                HAL_QSPI_TxCpltCallback
 .text.HAL_QSPI_FifoThresholdCallback
                0x0000000008008a90        0x4 ../../DaisyExamples/libDaisy/build/libdaisy.a(stm32h7xx_hal_qspi.o)
                0x0000000008008a90                HAL_QSPI_FifoThresholdCallback
 .text.HAL_QSPI_StatusMatchCallback
                0x0000000008008a94        0x4 ../../DaisyExamples/libDaisy/build/libdaisy.a(stm32h7xx_hal_qspi.o)
                0x0000000008008a94                HAL_QSPI_StatusMatchCallback
 .text.HAL_QSPI_TimeOutCallback
                0x0000000008008a98        0x4 ../../DaisyExamples/libDaisy/build/libdaisy.a(stm32h7xx_hal_qspi.o)
                0x0000000008008a98                HAL_QSPI_TimeOutCallback
 .text.HAL_QSPI_IRQHandler
                0x0000000008008a9c      0x210 ../../DaisyExamples/libDaisy/build/libdaisy.a(stm32h7xx_hal_qspi.o)
                0x0000000008008a9c                HAL_QSPI_IRQHandler
 .text.HAL_RCC_OscConfig
                0x0000000008008cac      0x51c ../../DaisyExamples/libDaisy/build/libdaisy.a(stm32h7xx_hal_rcc.o)
                0x0000000008008cac                HAL_RCC_OscConfig
 .text.HAL_RCC_GetSysClockFreq
                0x00000000080091c8      0x140 ../../DaisyExamples/libDaisy/build/libdaisy.a(stm32h7xx_hal_rcc.o)
                0x00000000080091c8                HAL_RCC_GetSysClockFreq
 .text.HAL_RCC_ClockConfig
                0x0000000008009308      0x234 ../../DaisyExamples/libDaisy/build/libdaisy.a(stm32h7xx_hal_rcc.o)
                0x0000000008009308                HAL_RCC_ClockConfig
 .text.HAL_RCC_GetHCLKFreq
                0x000000000800953c       0x2c ../../DaisyExamples/libDaisy/build/libdaisy.a(stm32h7xx_hal_rcc.o)
                0x000000000800953c                HAL_RCC_GetHCLKFreq
 .text.HAL_RCC_GetPCLK1Freq
                0x0000000008009568       0x38 ../../DaisyExamples/libDaisy/build/libdaisy.a(stm32h7xx_hal_rcc.o)
                0x0000000008009568                HAL_RCC_GetPCLK1Freq
 .text.HAL_RCC_GetPCLK2Freq
                0x00000000080095a0       0x38 ../../DaisyExamples/libDaisy/build/libdaisy.a(stm32h7xx_hal_rcc.o)
                0x00000000080095a0                HAL_RCC_GetPCLK2Freq
 .text.RCCEx_PLL2_Config
                0x00000000080095d8       0xf4 ../../DaisyExamples/libDaisy/build/libdaisy.a(stm32h7xx_hal_rcc_ex.o)
 .text.RCCEx_PLL3_Config
                0x00000000080096cc       0xf4 ../../DaisyExamples/libDaisy/build/libdaisy.a(stm32h7xx_hal_rcc_ex.o)
 .text.HAL_RCCEx_PeriphCLKConfig
                0x00000000080097c0      0xa7c ../../DaisyExamples/libDaisy/build/libdaisy.a(stm32h7xx_hal_rcc_ex.o)
                0x00000000080097c0                HAL_RCCEx_PeriphCLKConfig
 .text.HAL_RCCEx_GetD3PCLK1Freq
                0x000000000800a23c       0x24 ../../DaisyExamples/libDaisy/build/libdaisy.a(stm32h7xx_hal_rcc_ex.o)
                0x000000000800a23c                HAL_RCCEx_GetD3PCLK1Freq
 .text.HAL_RCCEx_GetPLL2ClockFreq
                0x000000000800a260      0x17c ../../DaisyExamples/libDaisy/build/libdaisy.a(stm32h7xx_hal_rcc_ex.o)
                0x000000000800a260                HAL_RCCEx_GetPLL2ClockFreq
 .text.HAL_RCCEx_GetPLL3ClockFreq
                0x000000000800a3dc      0x17c ../../DaisyExamples/libDaisy/build/libdaisy.a(stm32h7xx_hal_rcc_ex.o)
                0x000000000800a3dc                HAL_RCCEx_GetPLL3ClockFreq
 .text.HAL_RCCEx_GetPLL1ClockFreq
                0x000000000800a558      0x17c ../../DaisyExamples/libDaisy/build/libdaisy.a(stm32h7xx_hal_rcc_ex.o)
                0x000000000800a558                HAL_RCCEx_GetPLL1ClockFreq
 .text.HAL_RCCEx_GetPeriphCLKFreq
                0x000000000800a6d4      0x198 ../../DaisyExamples/libDaisy/build/libdaisy.a(stm32h7xx_hal_rcc_ex.o)
                0x000000000800a6d4                HAL_RCCEx_GetPeriphCLKFreq
 .text.HAL_RCCEx_GetD1SysClockFreq
                0x000000000800a86c       0x2c ../../DaisyExamples/libDaisy/build/libdaisy.a(stm32h7xx_hal_rcc_ex.o)
                0x000000000800a86c                HAL_RCCEx_GetD1SysClockFreq
 .text.HAL_SAI_Init.part.0
                0x000000000800a898      0x348 ../../DaisyExamples/libDaisy/build/libdaisy.a(stm32h7xx_hal_sai.o)
 .text.HAL_SAI_InitProtocol
                0x000000000800abe0      0x178 ../../DaisyExamples/libDaisy/build/libdaisy.a(stm32h7xx_hal_sai.o)
                0x000000000800abe0                HAL_SAI_InitProtocol
 .text.HAL_SDRAM_Init
                0x000000000800ad58       0x54 ../../DaisyExamples/libDaisy/build/libdaisy.a(stm32h7xx_hal_sdram.o)
                0x000000000800ad58                HAL_SDRAM_Init
 .text.HAL_SDRAM_SendCommand
                0x000000000800adac       0x40 ../../DaisyExamples/libDaisy/build/libdaisy.a(stm32h7xx_hal_sdram.o)
                0x000000000800adac                HAL_SDRAM_SendCommand
 .text.HAL_SDRAM_ProgramRefreshRate
                0x000000000800adec       0x30 ../../DaisyExamples/libDaisy/build/libdaisy.a(stm32h7xx_hal_sdram.o)
                0x000000000800adec                HAL_SDRAM_ProgramRefreshRate
 .text.HAL_TIM_Base_Init
                0x000000000800ae1c      0x140 ../../DaisyExamples/libDaisy/build/libdaisy.a(stm32h7xx_hal_tim.o)
                0x000000000800ae1c                HAL_TIM_Base_Init
 .text.HAL_TIM_Base_Start
                0x000000000800af5c       0x34 ../../DaisyExamples/libDaisy/build/libdaisy.a(stm32h7xx_hal_tim.o)
                0x000000000800af5c                HAL_TIM_Base_Start
 .text.HAL_TIM_Base_Start_IT
                0x000000000800af90       0x2c ../../DaisyExamples/libDaisy/build/libdaisy.a(stm32h7xx_hal_tim.o)
                0x000000000800af90                HAL_TIM_Base_Start_IT
 .text.HAL_TIM_ConfigClockSource
                0x000000000800afbc      0x17c ../../DaisyExamples/libDaisy/build/libdaisy.a(stm32h7xx_hal_tim.o)
                0x000000000800afbc                HAL_TIM_ConfigClockSource
 .text.HAL_TIM_OC_DelayElapsedCallback
                0x000000000800b138        0x4 ../../DaisyExamples/libDaisy/build/libdaisy.a(stm32h7xx_hal_tim.o)
                0x000000000800b138                HAL_TIM_OC_DelayElapsedCallback
 .text.HAL_TIM_IC_CaptureCallback
                0x000000000800b13c        0x4 ../../DaisyExamples/libDaisy/build/libdaisy.a(stm32h7xx_hal_tim.o)
                0x000000000800b13c                HAL_TIM_IC_CaptureCallback
 .text.HAL_TIM_PWM_PulseFinishedCallback
                0x000000000800b140        0x4 ../../DaisyExamples/libDaisy/build/libdaisy.a(stm32h7xx_hal_tim.o)
                0x000000000800b140                HAL_TIM_PWM_PulseFinishedCallback
 .text.HAL_TIM_TriggerCallback
                0x000000000800b144        0x4 ../../DaisyExamples/libDaisy/build/libdaisy.a(stm32h7xx_hal_tim.o)
                0x000000000800b144                HAL_TIM_TriggerCallback
 .text.HAL_TIM_IRQHandler
                0x000000000800b148      0x170 ../../DaisyExamples/libDaisy/build/libdaisy.a(stm32h7xx_hal_tim.o)
                0x000000000800b148                HAL_TIM_IRQHandler
 .text.HAL_TIMEx_MasterConfigSynchronization
                0x000000000800b2b8       0x64 ../../DaisyExamples/libDaisy/build/libdaisy.a(stm32h7xx_hal_tim_ex.o)
                0x000000000800b2b8                HAL_TIMEx_MasterConfigSynchronization
 .text.HAL_TIMEx_CommutCallback
                0x000000000800b31c        0x4 ../../DaisyExamples/libDaisy/build/libdaisy.a(stm32h7xx_hal_tim_ex.o)
                0x000000000800b31c                HAL_TIMEx_CommutCallback
 .text.HAL_TIMEx_BreakCallback
                0x000000000800b320        0x4 ../../DaisyExamples/libDaisy/build/libdaisy.a(stm32h7xx_hal_tim_ex.o)
                0x000000000800b320                HAL_TIMEx_BreakCallback
 .text.HAL_TIMEx_Break2Callback
                0x000000000800b324        0x4 ../../DaisyExamples/libDaisy/build/libdaisy.a(stm32h7xx_hal_tim_ex.o)
                0x000000000800b324                HAL_TIMEx_Break2Callback
 .text.FMC_SDRAM_Init
                0x000000000800b328       0x7c ../../DaisyExamples/libDaisy/build/libdaisy.a(stm32h7xx_ll_fmc.o)
                0x000000000800b328                FMC_SDRAM_Init
 .text.FMC_SDRAM_Timing_Init
                0x000000000800b3a4       0x98 ../../DaisyExamples/libDaisy/build/libdaisy.a(stm32h7xx_ll_fmc.o)
                0x000000000800b3a4                FMC_SDRAM_Timing_Init
 .text.FMC_SDRAM_SendCommand
                0x000000000800b43c       0x28 ../../DaisyExamples/libDaisy/build/libdaisy.a(stm32h7xx_ll_fmc.o)
                0x000000000800b43c                FMC_SDRAM_SendCommand
 .text.FMC_SDRAM_ProgramRefreshRate
                0x000000000800b464       0x1c ../../DaisyExamples/libDaisy/build/libdaisy.a(stm32h7xx_ll_fmc.o)
                0x000000000800b464                FMC_SDRAM_ProgramRefreshRate
 .text.USB_CoreInit
                0x000000000800b480      0x124 ../../DaisyExamples/libDaisy/build/libdaisy.a(stm32h7xx_ll_usb.o)
                0x000000000800b480                USB_CoreInit
 .text.USB_SetTurnaroundTime
                0x000000000800b5a4      0x104 ../../DaisyExamples/libDaisy/build/libdaisy.a(stm32h7xx_ll_usb.o)
                0x000000000800b5a4                USB_SetTurnaroundTime
 .text.USB_EnableGlobalInt
                0x000000000800b6a8       0x10 ../../DaisyExamples/libDaisy/build/libdaisy.a(stm32h7xx_ll_usb.o)
                0x000000000800b6a8                USB_EnableGlobalInt
 .text.USB_DisableGlobalInt
                0x000000000800b6b8       0x10 ../../DaisyExamples/libDaisy/build/libdaisy.a(stm32h7xx_ll_usb.o)
                0x000000000800b6b8                USB_DisableGlobalInt
 .text.USB_SetCurrentMode
                0x000000000800b6c8       0x30 ../../DaisyExamples/libDaisy/build/libdaisy.a(stm32h7xx_ll_usb.o)
                0x000000000800b6c8                USB_SetCurrentMode
 .text.USB_DevInit
                0x000000000800b6f8      0x20c ../../DaisyExamples/libDaisy/build/libdaisy.a(stm32h7xx_ll_usb.o)
                0x000000000800b6f8                USB_DevInit
 .text.USB_FlushTxFifo
                0x000000000800b904       0x34 ../../DaisyExamples/libDaisy/build/libdaisy.a(stm32h7xx_ll_usb.o)
                0x000000000800b904                USB_FlushTxFifo
 .text.USB_GetDevSpeed
                0x000000000800b938       0x24 ../../DaisyExamples/libDaisy/build/libdaisy.a(stm32h7xx_ll_usb.o)
                0x000000000800b938                USB_GetDevSpeed
 .text.USB_ActivateEndpoint
                0x000000000800b95c       0x90 ../../DaisyExamples/libDaisy/build/libdaisy.a(stm32h7xx_ll_usb.o)
                0x000000000800b95c                USB_ActivateEndpoint
 .text.USB_DeactivateEndpoint
                0x000000000800b9ec       0x84 ../../DaisyExamples/libDaisy/build/libdaisy.a(stm32h7xx_ll_usb.o)
                0x000000000800b9ec                USB_DeactivateEndpoint
 .text.USB_EPStartXfer
                0x000000000800ba70      0x230 ../../DaisyExamples/libDaisy/build/libdaisy.a(stm32h7xx_ll_usb.o)
                0x000000000800ba70                USB_EPStartXfer
 .text.USB_EP0StartXfer
                0x000000000800bca0      0x174 ../../DaisyExamples/libDaisy/build/libdaisy.a(stm32h7xx_ll_usb.o)
                0x000000000800bca0                USB_EP0StartXfer
 .text.USB_WritePacket
                0x000000000800be14       0x2c ../../DaisyExamples/libDaisy/build/libdaisy.a(stm32h7xx_ll_usb.o)
                0x000000000800be14                USB_WritePacket
 .text.USB_ReadPacket
                0x000000000800be40       0x20 ../../DaisyExamples/libDaisy/build/libdaisy.a(stm32h7xx_ll_usb.o)
                0x000000000800be40                USB_ReadPacket
 .text.USB_EPSetStall
                0x000000000800be60       0x68 ../../DaisyExamples/libDaisy/build/libdaisy.a(stm32h7xx_ll_usb.o)
                0x000000000800be60                USB_EPSetStall
 .text.USB_EPClearStall
                0x000000000800bec8       0x58 ../../DaisyExamples/libDaisy/build/libdaisy.a(stm32h7xx_ll_usb.o)
                0x000000000800bec8                USB_EPClearStall
 .text.USB_SetDevAddress
                0x000000000800bf20       0x24 ../../DaisyExamples/libDaisy/build/libdaisy.a(stm32h7xx_ll_usb.o)
                0x000000000800bf20                USB_SetDevAddress
 .text.USB_DevConnect
                0x000000000800bf44       0x1c ../../DaisyExamples/libDaisy/build/libdaisy.a(stm32h7xx_ll_usb.o)
                0x000000000800bf44                USB_DevConnect
 .text.USB_DevDisconnect
                0x000000000800bf60       0x1c ../../DaisyExamples/libDaisy/build/libdaisy.a(stm32h7xx_ll_usb.o)
                0x000000000800bf60                USB_DevDisconnect
 .text.USB_ReadInterrupts
                0x000000000800bf7c       0x14 ../../DaisyExamples/libDaisy/build/libdaisy.a(stm32h7xx_ll_usb.o)
                0x000000000800bf7c                USB_ReadInterrupts
 .text.USB_ReadDevAllOutEpInterrupt
                0x000000000800bf90       0x1c ../../DaisyExamples/libDaisy/build/libdaisy.a(stm32h7xx_ll_usb.o)
                0x000000000800bf90                USB_ReadDevAllOutEpInterrupt
 .text.USB_ReadDevAllInEpInterrupt
                0x000000000800bfac       0x1c ../../DaisyExamples/libDaisy/build/libdaisy.a(stm32h7xx_ll_usb.o)
                0x000000000800bfac                USB_ReadDevAllInEpInterrupt
 .text.USB_ReadDevOutEPInterrupt
                0x000000000800bfc8       0x1c ../../DaisyExamples/libDaisy/build/libdaisy.a(stm32h7xx_ll_usb.o)
                0x000000000800bfc8                USB_ReadDevOutEPInterrupt
 .text.USB_ReadDevInEPInterrupt
                0x000000000800bfe4       0x38 ../../DaisyExamples/libDaisy/build/libdaisy.a(stm32h7xx_ll_usb.o)
                0x000000000800bfe4                USB_ReadDevInEPInterrupt
 .text.USB_GetMode
                0x000000000800c01c        0x8 ../../DaisyExamples/libDaisy/build/libdaisy.a(stm32h7xx_ll_usb.o)
                0x000000000800c01c                USB_GetMode
 .text.USB_ActivateSetup
                0x000000000800c024       0x38 ../../DaisyExamples/libDaisy/build/libdaisy.a(stm32h7xx_ll_usb.o)
                0x000000000800c024                USB_ActivateSetup
 .text.USB_EP0_OutStart
                0x000000000800c05c       0x58 ../../DaisyExamples/libDaisy/build/libdaisy.a(stm32h7xx_ll_usb.o)
                0x000000000800c05c                USB_EP0_OutStart
 .text.USB_InitFSLSPClkSel
                0x000000000800c0b4       0x44 ../../DaisyExamples/libDaisy/build/libdaisy.a(stm32h7xx_ll_usb.o)
                0x000000000800c0b4                USB_InitFSLSPClkSel
 .text.USB_HC_ReadInterrupt
                0x000000000800c0f8        0x8 ../../DaisyExamples/libDaisy/build/libdaisy.a(stm32h7xx_ll_usb.o)
                0x000000000800c0f8                USB_HC_ReadInterrupt
 .text.USB_HC_Halt
                0x000000000800c100       0xc0 ../../DaisyExamples/libDaisy/build/libdaisy.a(stm32h7xx_ll_usb.o)
                0x000000000800c100                USB_HC_Halt
 .text.USB_StopHost
                0x000000000800c1c0      0x2ec ../../DaisyExamples/libDaisy/build/libdaisy.a(stm32h7xx_ll_usb.o)
                0x000000000800c1c0                USB_StopHost
 .text.USBD_CDC_EP0_RxReady
                0x000000000800c4ac       0x2c ../../DaisyExamples/libDaisy/build/libdaisy.a(usbd_cdc.o)
 .text.USBD_CDC_GetFSCfgDesc
                0x000000000800c4d8       0x24 ../../DaisyExamples/libDaisy/build/libdaisy.a(usbd_cdc.o)
 .text.USBD_CDC_GetHSCfgDesc
                0x000000000800c4fc       0x24 ../../DaisyExamples/libDaisy/build/libdaisy.a(usbd_cdc.o)
 .text.USBD_CDC_GetOtherSpeedCfgDesc
                0x000000000800c520       0x24 ../../DaisyExamples/libDaisy/build/libdaisy.a(usbd_cdc.o)
 .text.USBD_CDC_GetDeviceQualifierDescriptor
                0x000000000800c544       0x10 ../../DaisyExamples/libDaisy/build/libdaisy.a(usbd_cdc.o)
                0x000000000800c544                USBD_CDC_GetDeviceQualifierDescriptor
 .text.USBD_CDC_DataOut
                0x000000000800c554       0x30 ../../DaisyExamples/libDaisy/build/libdaisy.a(usbd_cdc.o)
 .text.USBD_CDC_DataIn
                0x000000000800c584       0x50 ../../DaisyExamples/libDaisy/build/libdaisy.a(usbd_cdc.o)
 .text.USBD_CDC_Setup
                0x000000000800c5d4       0xcc ../../DaisyExamples/libDaisy/build/libdaisy.a(usbd_cdc.o)
 .text.USBD_CDC_DeInit
                0x000000000800c6a0       0x44 ../../DaisyExamples/libDaisy/build/libdaisy.a(usbd_cdc.o)
 .text.USBD_CDC_Init
                0x000000000800c6e4       0x94 ../../DaisyExamples/libDaisy/build/libdaisy.a(usbd_cdc.o)
 .text.USBD_CDC_RegisterInterface
                0x000000000800c778       0x10 ../../DaisyExamples/libDaisy/build/libdaisy.a(usbd_cdc.o)
                0x000000000800c778                USBD_CDC_RegisterInterface
 .text.USBD_CDC_SetTxBuffer
                0x000000000800c788       0x14 ../../DaisyExamples/libDaisy/build/libdaisy.a(usbd_cdc.o)
                0x000000000800c788                USBD_CDC_SetTxBuffer
 .text.USBD_CDC_SetRxBuffer
                0x000000000800c79c       0x10 ../../DaisyExamples/libDaisy/build/libdaisy.a(usbd_cdc.o)
                0x000000000800c79c                USBD_CDC_SetRxBuffer
 .text.USBD_CDC_TransmitPacket
                0x000000000800c7ac       0x34 ../../DaisyExamples/libDaisy/build/libdaisy.a(usbd_cdc.o)
                0x000000000800c7ac                USBD_CDC_TransmitPacket
 .text.USBD_CDC_ReceivePacket
                0x000000000800c7e0       0x38 ../../DaisyExamples/libDaisy/build/libdaisy.a(usbd_cdc.o)
                0x000000000800c7e0                USBD_CDC_ReceivePacket
 .text.USBD_Init
                0x000000000800c818       0x44 ../../DaisyExamples/libDaisy/build/libdaisy.a(usbd_core.o)
                0x000000000800c818                USBD_Init
 .text.USBD_RegisterClass
                0x000000000800c85c       0x2c ../../DaisyExamples/libDaisy/build/libdaisy.a(usbd_core.o)
                0x000000000800c85c                USBD_RegisterClass
 .text.USBD_Start
                0x000000000800c888        0xc ../../DaisyExamples/libDaisy/build/libdaisy.a(usbd_core.o)
                0x000000000800c888                USBD_Start
 .text.USBD_SetClassConfig
                0x000000000800c894       0x14 ../../DaisyExamples/libDaisy/build/libdaisy.a(usbd_core.o)
                0x000000000800c894                USBD_SetClassConfig
 .text.USBD_ClrClassConfig
                0x000000000800c8a8       0x10 ../../DaisyExamples/libDaisy/build/libdaisy.a(usbd_core.o)
                0x000000000800c8a8                USBD_ClrClassConfig
 .text.USBD_LL_SetupStage
                0x000000000800c8b8       0x5c ../../DaisyExamples/libDaisy/build/libdaisy.a(usbd_core.o)
                0x000000000800c8b8                USBD_LL_SetupStage
 .text.USBD_LL_DataOutStage
                0x000000000800c914       0x7c ../../DaisyExamples/libDaisy/build/libdaisy.a(usbd_core.o)
                0x000000000800c914                USBD_LL_DataOutStage
 .text.USBD_LL_DataInStage
                0x000000000800c990       0xcc ../../DaisyExamples/libDaisy/build/libdaisy.a(usbd_core.o)
                0x000000000800c990                USBD_LL_DataInStage
 .text.USBD_LL_Reset
                0x000000000800ca5c       0x50 ../../DaisyExamples/libDaisy/build/libdaisy.a(usbd_core.o)
                0x000000000800ca5c                USBD_LL_Reset
 .text.USBD_LL_SetSpeed
                0x000000000800caac        0x8 ../../DaisyExamples/libDaisy/build/libdaisy.a(usbd_core.o)
                0x000000000800caac                USBD_LL_SetSpeed
 .text.USBD_LL_Suspend
                0x000000000800cab4       0x14 ../../DaisyExamples/libDaisy/build/libdaisy.a(usbd_core.o)
                0x000000000800cab4                USBD_LL_Suspend
 .text.USBD_LL_Resume
                0x000000000800cac8       0x10 ../../DaisyExamples/libDaisy/build/libdaisy.a(usbd_core.o)
                0x000000000800cac8                USBD_LL_Resume
 .text.USBD_LL_SOF
                0x000000000800cad8       0x1c ../../DaisyExamples/libDaisy/build/libdaisy.a(usbd_core.o)
                0x000000000800cad8                USBD_LL_SOF
 .text.USBD_LL_IsoINIncomplete
                0x000000000800caf4        0x4 ../../DaisyExamples/libDaisy/build/libdaisy.a(usbd_core.o)
                0x000000000800caf4                USBD_LL_IsoINIncomplete
 .text.USBD_LL_IsoOUTIncomplete
                0x000000000800caf8        0x4 ../../DaisyExamples/libDaisy/build/libdaisy.a(usbd_core.o)
                0x000000000800caf8                USBD_LL_IsoOUTIncomplete
 .text.USBD_LL_DevConnected
                0x000000000800cafc        0x4 ../../DaisyExamples/libDaisy/build/libdaisy.a(usbd_core.o)
                0x000000000800cafc                USBD_LL_DevConnected
 .text.USBD_LL_DevDisconnected
                0x000000000800cb00       0x18 ../../DaisyExamples/libDaisy/build/libdaisy.a(usbd_core.o)
                0x000000000800cb00                USBD_LL_DevDisconnected
 .text.USBD_StdDevReq
                0x000000000800cb18      0x304 ../../DaisyExamples/libDaisy/build/libdaisy.a(usbd_ctlreq.o)
                0x000000000800cb18                USBD_StdDevReq
 .text.USBD_StdItfReq
                0x000000000800ce1c       0x68 ../../DaisyExamples/libDaisy/build/libdaisy.a(usbd_ctlreq.o)
                0x000000000800ce1c                USBD_StdItfReq
 .text.USBD_StdEPReq
                0x000000000800ce84      0x13c ../../DaisyExamples/libDaisy/build/libdaisy.a(usbd_ctlreq.o)
                0x000000000800ce84                USBD_StdEPReq
 .text.USBD_ParseSetupRequest
                0x000000000800cfc0       0x28 ../../DaisyExamples/libDaisy/build/libdaisy.a(usbd_ctlreq.o)
                0x000000000800cfc0                USBD_ParseSetupRequest
 .text.USBD_CtlError
                0x000000000800cfe8       0x18 ../../DaisyExamples/libDaisy/build/libdaisy.a(usbd_ctlreq.o)
                0x000000000800cfe8                USBD_CtlError
 .text.USBD_GetString
                0x000000000800d000       0x54 ../../DaisyExamples/libDaisy/build/libdaisy.a(usbd_ctlreq.o)
                0x000000000800d000                USBD_GetString
 .text.USBD_CtlSendData
                0x000000000800d054       0x1c ../../DaisyExamples/libDaisy/build/libdaisy.a(usbd_ioreq.o)
                0x000000000800d054                USBD_CtlSendData
 .text.USBD_CtlContinueSendData
                0x000000000800d070       0x14 ../../DaisyExamples/libDaisy/build/libdaisy.a(usbd_ioreq.o)
                0x000000000800d070                USBD_CtlContinueSendData
 .text.USBD_CtlPrepareRx
                0x000000000800d084       0x1c ../../DaisyExamples/libDaisy/build/libdaisy.a(usbd_ioreq.o)
                0x000000000800d084                USBD_CtlPrepareRx
 .text.USBD_CtlContinueRx
                0x000000000800d0a0       0x14 ../../DaisyExamples/libDaisy/build/libdaisy.a(usbd_ioreq.o)
                0x000000000800d0a0                USBD_CtlContinueRx
 .text.USBD_CtlSendStatus
                0x000000000800d0b4       0x18 ../../DaisyExamples/libDaisy/build/libdaisy.a(usbd_ioreq.o)
                0x000000000800d0b4                USBD_CtlSendStatus
 .text.USBD_CtlReceiveStatus
                0x000000000800d0cc       0x18 ../../DaisyExamples/libDaisy/build/libdaisy.a(usbd_ioreq.o)
                0x000000000800d0cc                USBD_CtlReceiveStatus
 .text.USBH_LL_IncTimer
                0x000000000800d0e4       0x20 ../../DaisyExamples/libDaisy/build/libdaisy.a(usbh_core.o)
                0x000000000800d0e4                USBH_LL_IncTimer
 .text.USBH_LL_PortEnabled
                0x000000000800d104        0x8 ../../DaisyExamples/libDaisy/build/libdaisy.a(usbh_core.o)
                0x000000000800d104                USBH_LL_PortEnabled
 .text.USBH_LL_PortDisabled
                0x000000000800d10c        0x8 ../../DaisyExamples/libDaisy/build/libdaisy.a(usbh_core.o)
                0x000000000800d10c                USBH_LL_PortDisabled
 .text.USBH_LL_Connect
                0x000000000800d114       0x18 ../../DaisyExamples/libDaisy/build/libdaisy.a(usbh_core.o)
                0x000000000800d114                USBH_LL_Connect
 .text.USBH_LL_Disconnect
                0x000000000800d12c       0x2c ../../DaisyExamples/libDaisy/build/libdaisy.a(usbh_core.o)
                0x000000000800d12c                USBH_LL_Disconnect
 .text.USBH_FreePipe
                0x000000000800d158       0x18 ../../DaisyExamples/libDaisy/build/libdaisy.a(usbh_pipes.o)
                0x000000000800d158                USBH_FreePipe
 .text._ZN5daisy6Random4InitEv
                0x000000000800d170       0x3c ../../DaisyExamples/libDaisy/build/libdaisy.a(rng.o)
                0x000000000800d170                daisy::Random::Init()
 .text._ZN5daisy9SpiHandle4Impl7InitDmaEv
                0x000000000800d1ac       0xec ../../DaisyExamples/libDaisy/build/libdaisy.a(spi.o)
                0x000000000800d1ac                daisy::SpiHandle::Impl::InitDma()
 .text._ZN5daisy9SpiHandle4Impl10StartDmaTxEPhjPFvPvEPFvS3_NS0_6ResultEES3_
                0x000000000800d298       0xc8 ../../DaisyExamples/libDaisy/build/libdaisy.a(spi.o)
                0x000000000800d298                daisy::SpiHandle::Impl::StartDmaTx(unsigned char*, unsigned int, void (*)(void*), void (*)(void*, daisy::SpiHandle::Result), void*)
 .text._ZN5daisy9SpiHandle4Impl10StartDmaRxEPhjPFvPvEPFvS3_NS0_6ResultEES3_
                0x000000000800d360       0xc8 ../../DaisyExamples/libDaisy/build/libdaisy.a(spi.o)
                0x000000000800d360                daisy::SpiHandle::Impl::StartDmaRx(unsigned char*, unsigned int, void (*)(void*), void (*)(void*, daisy::SpiHandle::Result), void*)
 .text._ZN5daisy9SpiHandle4Impl12StartDmaRxTxEPhS2_jPFvPvEPFvS3_NS0_6ResultEES3_
                0x000000000800d428       0xcc ../../DaisyExamples/libDaisy/build/libdaisy.a(spi.o)
                0x000000000800d428                daisy::SpiHandle::Impl::StartDmaRxTx(unsigned char*, unsigned char*, unsigned int, void (*)(void*), void (*)(void*, daisy::SpiHandle::Result), void*)
 .text._ZN5daisy9SpiHandle4Impl8InitPinsEv
                0x000000000800d4f4      0x274 ../../DaisyExamples/libDaisy/build/libdaisy.a(spi.o)
                0x000000000800d4f4                daisy::SpiHandle::Impl::InitPins()
 .text.HAL_SPI_MspInit
                0x000000000800d768      0x1a8 ../../DaisyExamples/libDaisy/build/libdaisy.a(spi.o)
                0x000000000800d768                HAL_SPI_MspInit
 .text.dsy_spi_global_init
                0x000000000800d910       0x80 ../../DaisyExamples/libDaisy/build/libdaisy.a(spi.o)
                0x000000000800d910                dsy_spi_global_init
 .text.SPI1_IRQHandler
                0x000000000800d990        0xc ../../DaisyExamples/libDaisy/build/libdaisy.a(spi.o)
                0x000000000800d990                SPI1_IRQHandler
 .text.SPI2_IRQHandler
                0x000000000800d99c        0xc ../../DaisyExamples/libDaisy/build/libdaisy.a(spi.o)
                0x000000000800d99c                SPI2_IRQHandler
 .text.SPI3_IRQHandler
                0x000000000800d9a8        0xc ../../DaisyExamples/libDaisy/build/libdaisy.a(spi.o)
                0x000000000800d9a8                SPI3_IRQHandler
 .text.SPI4_IRQHandler
                0x000000000800d9b4        0xc ../../DaisyExamples/libDaisy/build/libdaisy.a(spi.o)
                0x000000000800d9b4                SPI4_IRQHandler
 .text.SPI5_IRQHandler
                0x000000000800d9c0        0xc ../../DaisyExamples/libDaisy/build/libdaisy.a(spi.o)
                0x000000000800d9c0                SPI5_IRQHandler
 .text.DMA2_Stream2_IRQHandler
                0x000000000800d9cc       0x34 ../../DaisyExamples/libDaisy/build/libdaisy.a(spi.o)
                0x000000000800d9cc                DMA2_Stream2_IRQHandler
 .text.DMA2_Stream3_IRQHandler
                0x000000000800da00       0x38 ../../DaisyExamples/libDaisy/build/libdaisy.a(spi.o)
                0x000000000800da00                DMA2_Stream3_IRQHandler
 .text.HAL_SPI_TxCpltCallback
                0x000000000800da38       0xc4 ../../DaisyExamples/libDaisy/build/libdaisy.a(spi.o)
                0x000000000800da38                HAL_SPI_TxCpltCallback
 .text.HAL_SPI_RxCpltCallback
                0x000000000800dafc       0xc4 ../../DaisyExamples/libDaisy/build/libdaisy.a(spi.o)
                0x000000000800dafc                HAL_SPI_RxCpltCallback
 .text.HAL_SPI_TxRxCpltCallback
                0x000000000800dbc0       0xc4 ../../DaisyExamples/libDaisy/build/libdaisy.a(spi.o)
                0x000000000800dbc0                HAL_SPI_TxRxCpltCallback
 .text.HAL_SPI_ErrorCallback
                0x000000000800dc84       0xc8 ../../DaisyExamples/libDaisy/build/libdaisy.a(spi.o)
                0x000000000800dc84                HAL_SPI_ErrorCallback
 .text.startup._GLOBAL__sub_I__Z19MapInstanceToHandleP11SPI_TypeDef
                0x000000000800dd4c      0x1b0 ../../DaisyExamples/libDaisy/build/libdaisy.a(spi.o)
 .text.HAL_TIM_Base_MspInit
                0x000000000800defc      0x1e0 ../../DaisyExamples/libDaisy/build/libdaisy.a(tim.o)